
*** Running vivado
    with args -log slave_clk_wiz_1_0.vds -m64 -product Vivado -mode batch -messageDb vivado.pb -notrace -source slave_clk_wiz_1_0.tcl



****** Vivado v2025.1 (64-bit)
  **** SW Build 6140274 on Thu May 22 00:12:29 MDT 2025
  **** IP Build 6138677 on Thu May 22 03:10:11 MDT 2025
  **** SharedData Build 6139179 on Tue May 20 17:58:58 MDT 2025
  **** Start of session at: Tue Oct  6 21:03:06 2026
    ** Copyright 1986-2022 Xilinx, Inc. All Rights Reserved.
    ** Copyright 2022-2025 Advanced Micro Devices, Inc. All Rights Reserved.

source slave_clk_wiz_1_0.tcl -notrace
create_project: Time (s): cpu = 00:00:15 ; elapsed = 00:00:18 . Memory (MB): peak = 494.590 ; gain = 215.051
Command: synth_design -top slave_clk_wiz_1_0 -part xc7a100tcsg324-1 -incremental_mode off -mode out_of_context
Starting synth_design
Attempting to get a license for feature 'Synthesis' and/or device 'xc7a100t'
INFO: [Common 17-349] Got license for feature 'Synthesis' and/or device 'xc7a100t'
INFO: [Device 21-403] Loading part xc7a100tcsg324-1
INFO: [Synth 8-7079] Multithreading enabled for synth_design using a maximum of 2 processes.
INFO: [Synth 8-7078] Launching helper process for spawning children vivado processes
INFO: [Synth 8-7075] Helper process launched with PID 29704
---------------------------------------------------------------------------------
Starting RTL Elaboration : Time (s): cpu = 00:00:11 ; elapsed = 00:00:15 . Memory (MB): peak = 1207.250 ; gain = 492.109
---------------------------------------------------------------------------------
INFO: [Synth 8-6157] synthesizing module 'slave_clk_wiz_1_0' [c:/Users/dell 4/Downloads/project_1-20260907T101315Z-1-001/project_1.gen/sources_1/bd/slave/ip/slave_clk_wiz_1_0/slave_clk_wiz_1_0.v:65]
INFO: [Synth 8-6157] synthesizing module 'slave_clk_wiz_1_0_clk_wiz' [c:/Users/dell 4/Downloads/project_1-20260907T101315Z-1-001/project_1.gen/sources_1/bd/slave/ip/slave_clk_wiz_1_0/slave_clk_wiz_1_0_clk_wiz.v:65]
INFO: [Synth 8-6157] synthesizing module 'IBUF' [D:/XILINX/2025.1/Vivado/scripts/rt/data/unisim_comp.v:76868]
INFO: [Synth 8-6155] done synthesizing module 'IBUF' (0#1) [D:/XILINX/2025.1/Vivado/scripts/rt/data/unisim_comp.v:76868]
INFO: [Synth 8-6157] synthesizing module 'MMCME2_ADV' [D:/XILINX/2025.1/Vivado/scripts/rt/data/unisim_comp.v:89421]
	Parameter BANDWIDTH bound to: OPTIMIZED - type: string 
	Parameter CLKFBOUT_MULT_F bound to: 10.000000 - type: double 
	Parameter CLKFBOUT_PHASE bound to: 0.000000 - type: double 
	Parameter CLKFBOUT_USE_FINE_PS bound to: FALSE - type: string 
	Parameter CLKIN1_PERIOD bound to: 10.000000 - type: double 
	Parameter CLKOUT0_DIVIDE_F bound to: 10.000000 - type: double 
	Parameter CLKOUT0_DUTY_CYCLE bound to: 0.500000 - type: double 
	Parameter CLKOUT0_PHASE bound to: 0.000000 - type: double 
	Parameter CLKOUT0_USE_FINE_PS bound to: FALSE - type: string 
	Parameter CLKOUT4_CASCADE bound to: FALSE - type: string 
	Parameter COMPENSATION bound to: ZHOLD - type: string 
	Parameter DIVCLK_DIVIDE bound to: 1 - type: integer 
	Parameter STARTUP_WAIT bound to: FALSE - type: string 
INFO: [Synth 8-6155] done synthesizing module 'MMCME2_ADV' (0#1) [D:/XILINX/2025.1/Vivado/scripts/rt/data/unisim_comp.v:89421]
INFO: [Synth 8-6157] synthesizing module 'BUFG' [D:/XILINX/2025.1/Vivado/scripts/rt/data/unisim_comp.v:2678]
INFO: [Synth 8-6155] done synthesizing module 'BUFG' (0#1) [D:/XILINX/2025.1/Vivado/scripts/rt/data/unisim_comp.v:2678]
INFO: [Synth 8-6155] done synthesizing module 'slave_clk_wiz_1_0_clk_wiz' (0#1) [c:/Users/dell 4/Downloads/project_1-20260907T101315Z-1-001/project_1.gen/sources_1/bd/slave/ip/slave_clk_wiz_1_0/slave_clk_wiz_1_0_clk_wiz.v:65]
INFO: [Synth 8-6155] done synthesizing module 'slave_clk_wiz_1_0' (0#1) [c:/Users/dell 4/Downloads/project_1-20260907T101315Z-1-001/project_1.gen/sources_1/bd/slave/ip/slave_clk_wiz_1_0/slave_clk_wiz_1_0.v:65]
---------------------------------------------------------------------------------
Finished RTL Elaboration : Time (s): cpu = 00:00:15 ; elapsed = 00:00:18 . Memory (MB): peak = 1319.027 ; gain = 603.887
---------------------------------------------------------------------------------
---------------------------------------------------------------------------------
Start Handling Custom Attributes
---------------------------------------------------------------------------------
---------------------------------------------------------------------------------
Finished Handling Custom Attributes : Time (s): cpu = 00:00:15 ; elapsed = 00:00:19 . Memory (MB): peak = 1319.027 ; gain = 603.887
---------------------------------------------------------------------------------
---------------------------------------------------------------------------------
Finished RTL Optimization Phase 1 : Time (s): cpu = 00:00:15 ; elapsed = 00:00:19 . Memory (MB): peak = 1319.027 ; gain = 603.887
---------------------------------------------------------------------------------
Netlist sorting complete. Time (s): cpu = 00:00:00 ; elapsed = 00:00:00.002 . Memory (MB): peak = 1319.027 ; gain = 0.000
INFO: [Netlist 29-17] Analyzing 1 Unisim elements for replacement
INFO: [Netlist 29-28] Unisim Transformation completed in 0 CPU seconds
INFO: [Project 1-570] Preparing netlist for logic optimization

Processing XDC Constraints
Initializing timing engine
Parsing XDC File [c:/Users/dell 4/Downloads/project_1-20260907T101315Z-1-001/project_1.gen/sources_1/bd/slave/ip/slave_clk_wiz_1_0/slave_clk_wiz_1_0_ooc.xdc] for cell 'inst'
Finished Parsing XDC File [c:/Users/dell 4/Downloads/project_1-20260907T101315Z-1-001/project_1.gen/sources_1/bd/slave/ip/slave_clk_wiz_1_0/slave_clk_wiz_1_0_ooc.xdc] for cell 'inst'
Parsing XDC File [c:/Users/dell 4/Downloads/project_1-20260907T101315Z-1-001/project_1.gen/sources_1/bd/slave/ip/slave_clk_wiz_1_0/slave_clk_wiz_1_0_board.xdc] for cell 'inst'
Finished Parsing XDC File [c:/Users/dell 4/Downloads/project_1-20260907T101315Z-1-001/project_1.gen/sources_1/bd/slave/ip/slave_clk_wiz_1_0/slave_clk_wiz_1_0_board.xdc] for cell 'inst'
Parsing XDC File [c:/Users/dell 4/Downloads/project_1-20260907T101315Z-1-001/project_1.gen/sources_1/bd/slave/ip/slave_clk_wiz_1_0/slave_clk_wiz_1_0.xdc] for cell 'inst'
Finished Parsing XDC File [c:/Users/dell 4/Downloads/project_1-20260907T101315Z-1-001/project_1.gen/sources_1/bd/slave/ip/slave_clk_wiz_1_0/slave_clk_wiz_1_0.xdc] for cell 'inst'
INFO: [Project 1-236] Implementation specific constraints were found while reading constraint file [c:/Users/dell 4/Downloads/project_1-20260907T101315Z-1-001/project_1.gen/sources_1/bd/slave/ip/slave_clk_wiz_1_0/slave_clk_wiz_1_0.xdc]. These constraints will be ignored for synthesis but will be used in implementation. Impacted constraints are listed in the file [.Xil/slave_clk_wiz_1_0_propImpl.xdc].
Resolution: To avoid this warning, move constraints listed in [.Xil/slave_clk_wiz_1_0_propImpl.xdc] to another XDC file and exclude this new file from synthesis with the used_in_synthesis property (File Properties dialog in GUI) and re-run elaboration/synthesis.
INFO: [Timing 38-2] Deriving generated clocks
Parsing XDC File [C:/Users/dell 4/Downloads/project_1-20260907T101315Z-1-001/project_1.runs/slave_clk_wiz_1_0_synth_1/dont_touch.xdc]
Finished Parsing XDC File [C:/Users/dell 4/Downloads/project_1-20260907T101315Z-1-001/project_1.runs/slave_clk_wiz_1_0_synth_1/dont_touch.xdc]
Completed Processing XDC Constraints

Netlist sorting complete. Time (s): cpu = 00:00:00 ; elapsed = 00:00:00.001 . Memory (MB): peak = 1320.051 ; gain = 0.000
INFO: [Project 1-111] Unisim Transformation Summary:
No Unisim elements were transformed.

Constraint Validation Runtime : Time (s): cpu = 00:00:00 ; elapsed = 00:00:00.143 . Memory (MB): peak = 1320.051 ; gain = 0.000
INFO: [Designutils 20-5008] Incremental synthesis strategy off
---------------------------------------------------------------------------------
Finished Constraint Validation : Time (s): cpu = 00:00:32 ; elapsed = 00:00:38 . Memory (MB): peak = 1320.051 ; gain = 604.910
---------------------------------------------------------------------------------
---------------------------------------------------------------------------------
Start Loading Part and Timing Information
---------------------------------------------------------------------------------
Loading part: xc7a100tcsg324-1
---------------------------------------------------------------------------------
Finished Loading Part and Timing Information : Time (s): cpu = 00:00:32 ; elapsed = 00:00:38 . Memory (MB): peak = 1320.051 ; gain = 604.910
---------------------------------------------------------------------------------
---------------------------------------------------------------------------------
Start Applying 'set_property' XDC Constraints
---------------------------------------------------------------------------------
---------------------------------------------------------------------------------
Finished applying 'set_property' XDC Constraints : Time (s): cpu = 00:00:32 ; elapsed = 00:00:38 . Memory (MB): peak = 1320.051 ; gain = 604.910
---------------------------------------------------------------------------------
---------------------------------------------------------------------------------
Finished RTL Optimization Phase 2 : Time (s): cpu = 00:00:32 ; elapsed = 00:00:39 . Memory (MB): peak = 1320.051 ; gain = 604.910
---------------------------------------------------------------------------------
---------------------------------------------------------------------------------
Start RTL Component Statistics 
---------------------------------------------------------------------------------
Detailed RTL Component Info : 
---------------------------------------------------------------------------------
Finished RTL Component Statistics 
---------------------------------------------------------------------------------
---------------------------------------------------------------------------------
Start Part Resource Summary
---------------------------------------------------------------------------------
Part Resources:
DSPs: 240 (col length:80)
BRAMs: 270 (col length: RAMB18 80 RAMB36 40)
---------------------------------------------------------------------------------
Finished Part Resource Summary
---------------------------------------------------------------------------------
---------------------------------------------------------------------------------
Start Cross Boundary and Area Optimization
---------------------------------------------------------------------------------
WARNING: [Synth 8-7080] Parallel synthesis criteria is not met
---------------------------------------------------------------------------------
Finished Cross Boundary and Area Optimization : Time (s): cpu = 00:00:36 ; elapsed = 00:00:43 . Memory (MB): peak = 1355.375 ; gain = 640.234
---------------------------------------------------------------------------------
---------------------------------------------------------------------------------
Start Applying XDC Timing Constraints
---------------------------------------------------------------------------------
---------------------------------------------------------------------------------
Finished Applying XDC Timing Constraints : Time (s): cpu = 00:00:53 ; elapsed = 00:01:00 . Memory (MB): peak = 1517.648 ; gain = 802.508
---------------------------------------------------------------------------------
---------------------------------------------------------------------------------
Start Timing Optimization
---------------------------------------------------------------------------------
---------------------------------------------------------------------------------
Finished Timing Optimization : Time (s): cpu = 00:00:53 ; elapsed = 00:01:00 . Memory (MB): peak = 1517.910 ; gain = 802.770
---------------------------------------------------------------------------------
---------------------------------------------------------------------------------
Start Technology Mapping
---------------------------------------------------------------------------------
---------------------------------------------------------------------------------
Finished Technology Mapping : Time (s): cpu = 00:00:53 ; elapsed = 00:01:01 . Memory (MB): peak = 1527.473 ; gain = 812.332
---------------------------------------------------------------------------------
---------------------------------------------------------------------------------
Start IO Insertion
---------------------------------------------------------------------------------
---------------------------------------------------------------------------------
Start Flattening Before IO Insertion
---------------------------------------------------------------------------------
---------------------------------------------------------------------------------
Finished Flattening Before IO Insertion
---------------------------------------------------------------------------------
---------------------------------------------------------------------------------
Start Final Netlist Cleanup
---------------------------------------------------------------------------------
---------------------------------------------------------------------------------
Finished Final Netlist Cleanup
---------------------------------------------------------------------------------
---------------------------------------------------------------------------------
Finished IO Insertion : Time (s): cpu = 00:01:03 ; elapsed = 00:01:12 . Memory (MB): peak = 1762.426 ; gain = 1047.285
---------------------------------------------------------------------------------
---------------------------------------------------------------------------------
Start Renaming Generated Instances
---------------------------------------------------------------------------------
---------------------------------------------------------------------------------
Finished Renaming Generated Instances : Time (s): cpu = 00:01:03 ; elapsed = 00:01:12 . Memory (MB): peak = 1762.426 ; gain = 1047.285
---------------------------------------------------------------------------------
---------------------------------------------------------------------------------
Start Rebuilding User Hierarchy
---------------------------------------------------------------------------------
---------------------------------------------------------------------------------
Finished Rebuilding User Hierarchy : Time (s): cpu = 00:01:04 ; elapsed = 00:01:12 . Memory (MB): peak = 1762.426 ; gain = 1047.285
---------------------------------------------------------------------------------
---------------------------------------------------------------------------------
Start Renaming Generated Ports
---------------------------------------------------------------------------------
---------------------------------------------------------------------------------
Finished Renaming Generated Ports : Time (s): cpu = 00:01:04 ; elapsed = 00:01:12 . Memory (MB): peak = 1762.426 ; gain = 1047.285
---------------------------------------------------------------------------------
---------------------------------------------------------------------------------
Start Handling Custom Attributes
---------------------------------------------------------------------------------
---------------------------------------------------------------------------------
Finished Handling Custom Attributes : Time (s): cpu = 00:01:04 ; elapsed = 00:01:12 . Memory (MB): peak = 1762.426 ; gain = 1047.285
---------------------------------------------------------------------------------
---------------------------------------------------------------------------------
Start Renaming Generated Nets
---------------------------------------------------------------------------------
---------------------------------------------------------------------------------
Finished Renaming Generated Nets : Time (s): cpu = 00:01:04 ; elapsed = 00:01:12 . Memory (MB): peak = 1762.426 ; gain = 1047.285
---------------------------------------------------------------------------------
---------------------------------------------------------------------------------
Start Writing Synthesis Report
---------------------------------------------------------------------------------

Report BlackBoxes: 
+-+--------------+----------+
| |BlackBox name |Instances |
+-+--------------+----------+
+-+--------------+----------+

Report Cell Usage: 
+------+-----------+------+
|      |Cell       |Count |
+------+-----------+------+
|1     |BUFG       |     2|
|2     |LUT1       |     1|
|3     |MMCME2_ADV |     1|
|4     |IBUF       |     1|
+------+-----------+------+
---------------------------------------------------------------------------------
Finished Writing Synthesis Report : Time (s): cpu = 00:01:04 ; elapsed = 00:01:12 . Memory (MB): peak = 1762.426 ; gain = 1047.285
---------------------------------------------------------------------------------
Synthesis finished with 0 errors, 0 critical warnings and 1 warnings.
Synthesis Optimization Runtime : Time (s): cpu = 00:00:45 ; elapsed = 00:01:07 . Memory (MB): peak = 1762.426 ; gain = 1046.262
Synthesis Optimization Complete : Time (s): cpu = 00:01:04 ; elapsed = 00:01:12 . Memory (MB): peak = 1762.426 ; gain = 1047.285
INFO: [Project 1-571] Translating synthesized netlist
Netlist sorting complete. Time (s): cpu = 00:00:00 ; elapsed = 00:00:00 . Memory (MB): peak = 1762.426 ; gain = 0.000
INFO: [Netlist 29-17] Analyzing 1 Unisim elements for replacement
INFO: [Netlist 29-28] Unisim Transformation completed in 0 CPU seconds
INFO: [Project 1-570] Preparing netlist for logic optimization
INFO: [Opt 31-138] Pushed 0 inverter(s) to 0 load pin(s).
Netlist sorting complete. Time (s): cpu = 00:00:00 ; elapsed = 00:00:00 . Memory (MB): peak = 1765.773 ; gain = 0.000
INFO: [Project 1-111] Unisim Transformation Summary:
No Unisim elements were transformed.

Synth Design complete | Checksum: b050541d
INFO: [Common 17-83] Releasing license: Synthesis
29 Infos, 1 Warnings, 0 Critical Warnings and 0 Errors encountered.
synth_design completed successfully
synth_design: Time (s): cpu = 00:01:12 ; elapsed = 00:01:25 . Memory (MB): peak = 1765.773 ; gain = 1253.496
Write ShapeDB Complete: Time (s): cpu = 00:00:00 ; elapsed = 00:00:00.012 . Memory (MB): peak = 1765.773 ; gain = 0.000
INFO: [Common 17-1381] The checkpoint 'C:/Users/dell 4/Downloads/project_1-20260907T101315Z-1-001/project_1.runs/slave_clk_wiz_1_0_synth_1/slave_clk_wiz_1_0.dcp' has been generated.
INFO: [Coretcl 2-1648] Added synthesis output to IP cache for IP slave_clk_wiz_1_0, cache-ID = 7b04c8828afb4f56
Write ShapeDB Complete: Time (s): cpu = 00:00:00 ; elapsed = 00:00:00.002 . Memory (MB): peak = 1765.773 ; gain = 0.000
INFO: [Common 17-1381] The checkpoint 'C:/Users/dell 4/Downloads/project_1-20260907T101315Z-1-001/project_1.runs/slave_clk_wiz_1_0_synth_1/slave_clk_wiz_1_0.dcp' has been generated.
INFO: [Vivado 12-24828] Executing command : report_utilization -file slave_clk_wiz_1_0_utilization_synth.rpt -pb slave_clk_wiz_1_0_utilization_synth.pb
INFO: [Common 17-206] Exiting Vivado at Tue Oct  6 21:05:04 2026...
