#-----------------------------------------------------------
# Vivado v2025.1 (64-bit)
# SW Build 6140274 on Thu May 22 00:12:29 MDT 2025
# IP Build 6138677 on Thu May 22 03:10:11 MDT 2025
# SharedData Build 6139179 on Tue May 20 17:58:58 MDT 2025
# Start of session at: Tue Oct  6 21:05:53 2026
# Process ID         : 4732
# Current directory  : C:/Users/dell 4/Downloads/project_1-20260907T101315Z-1-001/project_1.runs/slave_axi_quad_spi_2_0_synth_1
# Command line       : vivado.exe -log slave_axi_quad_spi_2_0.vds -product Vivado -mode batch -messageDb vivado.pb -notrace -source slave_axi_quad_spi_2_0.tcl
# Log file           : C:/Users/dell 4/Downloads/project_1-20260907T101315Z-1-001/project_1.runs/slave_axi_quad_spi_2_0_synth_1/slave_axi_quad_spi_2_0.vds
# Journal file       : C:/Users/dell 4/Downloads/project_1-20260907T101315Z-1-001/project_1.runs/slave_axi_quad_spi_2_0_synth_1\vivado.jou
# Running On         : DESKTOP-936TA3L
# Platform           : Windows Server 2016 or Windows 10
# Operating System   : 26300
# Processor Detail   : 11th Gen Intel(R) Core(TM) i7-1165G7 @ 2.80GHz
# CPU Frequency      : 2803 MHz
# CPU Physical cores : 4
# CPU Logical cores  : 8
# Host memory        : 16885 MB
# Swap memory        : 11274 MB
# Total Virtual      : 28159 MB
# Available Virtual  : 10906 MB
#-----------------------------------------------------------
source slave_axi_quad_spi_2_0.tcl -notrace
