
*** Running vivado
    with args -log slave_wrapper.vdi -applog -m64 -product Vivado -messageDb vivado.pb -mode batch -source slave_wrapper.tcl -notrace



****** Vivado v2025.1 (64-bit)
  **** SW Build 6140274 on Thu May 22 00:12:29 MDT 2025
  **** IP Build 6138677 on Thu May 22 03:10:11 MDT 2025
  **** SharedData Build 6139179 on Tue May 20 17:58:58 MDT 2025
  **** Start of session at: Thu Oct  8 08:43:05 2026
    ** Copyright 1986-2022 Xilinx, Inc. All Rights Reserved.
    ** Copyright 2022-2025 Advanced Micro Devices, Inc. All Rights Reserved.

source slave_wrapper.tcl -notrace
create_project: Time (s): cpu = 00:00:13 ; elapsed = 00:00:09 . Memory (MB): peak = 497.332 ; gain = 218.211
INFO: [IP_Flow 19-234] Refreshing IP repositories
INFO: [IP_Flow 19-1704] No user IP repositories specified
INFO: [IP_Flow 19-2313] Loaded Vivado IP repository 'D:/XILINX/2025.1/Vivado/data/ip'.
Command: link_design -top slave_wrapper -part xc7a100tcsg324-1
Design is defaulting to srcset: sources_1
Design is defaulting to constrset: constrs_1
INFO: [Device 21-403] Loading part xc7a100tcsg324-1
INFO: [Project 1-5699] Read binary netlist with skipMacroContent - 1
INFO: [Project 1-454] Reading design checkpoint 'c:/Users/dell 4/Downloads/project_1-20260907T101315Z-1-001/project_1.gen/sources_1/bd/slave/ip/slave_axi_bram_ctrl_0_0/slave_axi_bram_ctrl_0_0.dcp' for cell 'slave_i/axi_bram_ctrl_0'
INFO: [Project 1-454] Reading design checkpoint 'c:/Users/dell 4/Downloads/project_1-20260907T101315Z-1-001/project_1.gen/sources_1/bd/slave/ip/slave_axi_gpio_0_0/slave_axi_gpio_0_0.dcp' for cell 'slave_i/axi_gpio_0'
INFO: [Project 1-454] Reading design checkpoint 'c:/Users/dell 4/Downloads/project_1-20260907T101315Z-1-001/project_1.gen/sources_1/bd/slave/ip/slave_axi_intc_0_0/slave_axi_intc_0_0.dcp' for cell 'slave_i/axi_intc_0'
INFO: [Project 1-454] Reading design checkpoint 'c:/Users/dell 4/Downloads/project_1-20260907T101315Z-1-001/project_1.gen/sources_1/bd/slave/ip/slave_axi_quad_spi_0_0/slave_axi_quad_spi_0_0.dcp' for cell 'slave_i/axi_quad_spi_0'
INFO: [Project 1-454] Reading design checkpoint 'c:/Users/dell 4/Downloads/project_1-20260907T101315Z-1-001/project_1.gen/sources_1/bd/slave/ip/slave_axi_quad_spi_0_1/slave_axi_quad_spi_0_1.dcp' for cell 'slave_i/axi_quad_spi_1'
INFO: [Project 1-454] Reading design checkpoint 'c:/Users/dell 4/Downloads/project_1-20260907T101315Z-1-001/project_1.gen/sources_1/bd/slave/ip/slave_axi_quad_spi_1_0/slave_axi_quad_spi_1_0.dcp' for cell 'slave_i/axi_quad_spi_2'
INFO: [Project 1-454] Reading design checkpoint 'c:/Users/dell 4/Downloads/project_1-20260907T101315Z-1-001/project_1.gen/sources_1/bd/slave/ip/slave_axi_quad_spi_2_0/slave_axi_quad_spi_2_0.dcp' for cell 'slave_i/axi_quad_spi_3'
INFO: [Project 1-454] Reading design checkpoint 'c:/Users/dell 4/Downloads/project_1-20260907T101315Z-1-001/project_1.gen/sources_1/bd/slave/ip/slave_axi_quad_spi_4_0/slave_axi_quad_spi_4_0.dcp' for cell 'slave_i/axi_quad_spi_4'
INFO: [Project 1-454] Reading design checkpoint 'c:/Users/dell 4/Downloads/project_1-20260907T101315Z-1-001/project_1.gen/sources_1/bd/slave/ip/slave_axi_timer_0_0/slave_axi_timer_0_0.dcp' for cell 'slave_i/axi_timer_0'
INFO: [Project 1-454] Reading design checkpoint 'c:/Users/dell 4/Downloads/project_1-20260907T101315Z-1-001/project_1.gen/sources_1/bd/slave/ip/slave_axi_uartlite_0_0/slave_axi_uartlite_0_0.dcp' for cell 'slave_i/axi_uartlite_0'
INFO: [Project 1-454] Reading design checkpoint 'c:/Users/dell 4/Downloads/project_1-20260907T101315Z-1-001/project_1.gen/sources_1/bd/slave/ip/slave_axi_uartlite_0_1/slave_axi_uartlite_0_1.dcp' for cell 'slave_i/axi_uartlite_1'
INFO: [Project 1-454] Reading design checkpoint 'c:/Users/dell 4/Downloads/project_1-20260907T101315Z-1-001/project_1.gen/sources_1/bd/slave/ip/slave_axi_uartlite_1_0/slave_axi_uartlite_1_0.dcp' for cell 'slave_i/axi_uartlite_2'
INFO: [Project 1-454] Reading design checkpoint 'c:/Users/dell 4/Downloads/project_1-20260907T101315Z-1-001/project_1.gen/sources_1/bd/slave/ip/slave_axi_uartlite_2_0/slave_axi_uartlite_2_0.dcp' for cell 'slave_i/axi_uartlite_3'
INFO: [Project 1-454] Reading design checkpoint 'c:/Users/dell 4/Downloads/project_1-20260907T101315Z-1-001/project_1.gen/sources_1/bd/slave/ip/slave_blk_mem_gen_0_0/slave_blk_mem_gen_0_0.dcp' for cell 'slave_i/blk_mem_gen_0'
INFO: [Project 1-454] Reading design checkpoint 'c:/Users/dell 4/Downloads/project_1-20260907T101315Z-1-001/project_1.gen/sources_1/bd/slave/ip/slave_clk_wiz_1_0/slave_clk_wiz_1_0.dcp' for cell 'slave_i/clk_wiz_1'
INFO: [Project 1-454] Reading design checkpoint 'c:/Users/dell 4/Downloads/project_1-20260907T101315Z-1-001/project_1.gen/sources_1/bd/slave/ip/slave_mdm_1_0/slave_mdm_1_0.dcp' for cell 'slave_i/mdm_1'
INFO: [Project 1-454] Reading design checkpoint 'c:/Users/dell 4/Downloads/project_1-20260907T101315Z-1-001/project_1.gen/sources_1/bd/slave/ip/slave_microblaze_0_0/slave_microblaze_0_0.dcp' for cell 'slave_i/microblaze_0'
INFO: [Project 1-454] Reading design checkpoint 'c:/Users/dell 4/Downloads/project_1-20260907T101315Z-1-001/project_1.gen/sources_1/bd/slave/ip/slave_rst_clk_wiz_1_100M_0/slave_rst_clk_wiz_1_100M_0.dcp' for cell 'slave_i/rst_clk_wiz_1_100M'
INFO: [Project 1-454] Reading design checkpoint 'c:/Users/dell 4/Downloads/project_1-20260907T101315Z-1-001/project_1.gen/sources_1/bd/slave/ip/slave_axi_interconnect_0_imp_xbar_0/slave_axi_interconnect_0_imp_xbar_0.dcp' for cell 'slave_i/axi_interconnect_0/xbar'
INFO: [Project 1-454] Reading design checkpoint 'c:/Users/dell 4/Downloads/project_1-20260907T101315Z-1-001/project_1.gen/sources_1/bd/slave/ip/slave_axi_interconnect_0_imp_auto_pc_0/slave_axi_interconnect_0_imp_auto_pc_0.dcp' for cell 'slave_i/axi_interconnect_0/m11_couplers/auto_pc'
INFO: [Project 1-454] Reading design checkpoint 'c:/Users/dell 4/Downloads/project_1-20260907T101315Z-1-001/project_1.gen/sources_1/bd/slave/ip/slave_dlmb_bram_if_cntlr_0/slave_dlmb_bram_if_cntlr_0.dcp' for cell 'slave_i/microblaze_0_local_memory/dlmb_bram_if_cntlr'
INFO: [Project 1-454] Reading design checkpoint 'c:/Users/dell 4/Downloads/project_1-20260907T101315Z-1-001/project_1.gen/sources_1/bd/slave/ip/slave_dlmb_v10_0/slave_dlmb_v10_0.dcp' for cell 'slave_i/microblaze_0_local_memory/dlmb_v10'
INFO: [Project 1-454] Reading design checkpoint 'c:/Users/dell 4/Downloads/project_1-20260907T101315Z-1-001/project_1.gen/sources_1/bd/slave/ip/slave_ilmb_bram_if_cntlr_0/slave_ilmb_bram_if_cntlr_0.dcp' for cell 'slave_i/microblaze_0_local_memory/ilmb_bram_if_cntlr'
INFO: [Project 1-454] Reading design checkpoint 'c:/Users/dell 4/Downloads/project_1-20260907T101315Z-1-001/project_1.gen/sources_1/bd/slave/ip/slave_ilmb_v10_0/slave_ilmb_v10_0.dcp' for cell 'slave_i/microblaze_0_local_memory/ilmb_v10'
INFO: [Project 1-454] Reading design checkpoint 'c:/Users/dell 4/Downloads/project_1-20260907T101315Z-1-001/project_1.gen/sources_1/bd/slave/ip/slave_lmb_bram_0/slave_lmb_bram_0.dcp' for cell 'slave_i/microblaze_0_local_memory/lmb_bram'
Netlist sorting complete. Time (s): cpu = 00:00:00 ; elapsed = 00:00:00.317 . Memory (MB): peak = 815.668 ; gain = 0.000
INFO: [Netlist 29-17] Analyzing 419 Unisim elements for replacement
INFO: [Netlist 29-28] Unisim Transformation completed in 0 CPU seconds
INFO: [Project 1-479] Netlist was created with Vivado 2025.1
INFO: [Project 1-570] Preparing netlist for logic optimization
Parsing XDC File [c:/Users/dell 4/Downloads/project_1-20260907T101315Z-1-001/project_1.gen/sources_1/bd/slave/ip/slave_axi_uartlite_0_0/slave_axi_uartlite_0_0_board.xdc] for cell 'slave_i/axi_uartlite_0/U0'
Finished Parsing XDC File [c:/Users/dell 4/Downloads/project_1-20260907T101315Z-1-001/project_1.gen/sources_1/bd/slave/ip/slave_axi_uartlite_0_0/slave_axi_uartlite_0_0_board.xdc] for cell 'slave_i/axi_uartlite_0/U0'
Parsing XDC File [c:/Users/dell 4/Downloads/project_1-20260907T101315Z-1-001/project_1.gen/sources_1/bd/slave/ip/slave_axi_uartlite_0_1/slave_axi_uartlite_0_1_board.xdc] for cell 'slave_i/axi_uartlite_1/U0'
Finished Parsing XDC File [c:/Users/dell 4/Downloads/project_1-20260907T101315Z-1-001/project_1.gen/sources_1/bd/slave/ip/slave_axi_uartlite_0_1/slave_axi_uartlite_0_1_board.xdc] for cell 'slave_i/axi_uartlite_1/U0'
Parsing XDC File [c:/Users/dell 4/Downloads/project_1-20260907T101315Z-1-001/project_1.gen/sources_1/bd/slave/ip/slave_axi_uartlite_1_0/slave_axi_uartlite_1_0_board.xdc] for cell 'slave_i/axi_uartlite_2/U0'
Finished Parsing XDC File [c:/Users/dell 4/Downloads/project_1-20260907T101315Z-1-001/project_1.gen/sources_1/bd/slave/ip/slave_axi_uartlite_1_0/slave_axi_uartlite_1_0_board.xdc] for cell 'slave_i/axi_uartlite_2/U0'
Parsing XDC File [c:/Users/dell 4/Downloads/project_1-20260907T101315Z-1-001/project_1.gen/sources_1/bd/slave/ip/slave_axi_uartlite_2_0/slave_axi_uartlite_2_0_board.xdc] for cell 'slave_i/axi_uartlite_3/U0'
Finished Parsing XDC File [c:/Users/dell 4/Downloads/project_1-20260907T101315Z-1-001/project_1.gen/sources_1/bd/slave/ip/slave_axi_uartlite_2_0/slave_axi_uartlite_2_0_board.xdc] for cell 'slave_i/axi_uartlite_3/U0'
Parsing XDC File [c:/Users/dell 4/Downloads/project_1-20260907T101315Z-1-001/project_1.gen/sources_1/bd/slave/ip/slave_axi_quad_spi_0_0/slave_axi_quad_spi_0_0_board.xdc] for cell 'slave_i/axi_quad_spi_0/U0'
Finished Parsing XDC File [c:/Users/dell 4/Downloads/project_1-20260907T101315Z-1-001/project_1.gen/sources_1/bd/slave/ip/slave_axi_quad_spi_0_0/slave_axi_quad_spi_0_0_board.xdc] for cell 'slave_i/axi_quad_spi_0/U0'
Parsing XDC File [c:/Users/dell 4/Downloads/project_1-20260907T101315Z-1-001/project_1.gen/sources_1/bd/slave/ip/slave_axi_quad_spi_0_0/slave_axi_quad_spi_0_0.xdc] for cell 'slave_i/axi_quad_spi_0/U0'
Finished Parsing XDC File [c:/Users/dell 4/Downloads/project_1-20260907T101315Z-1-001/project_1.gen/sources_1/bd/slave/ip/slave_axi_quad_spi_0_0/slave_axi_quad_spi_0_0.xdc] for cell 'slave_i/axi_quad_spi_0/U0'
Parsing XDC File [c:/Users/dell 4/Downloads/project_1-20260907T101315Z-1-001/project_1.gen/sources_1/bd/slave/ip/slave_axi_quad_spi_0_1/slave_axi_quad_spi_0_1_board.xdc] for cell 'slave_i/axi_quad_spi_1/U0'
Finished Parsing XDC File [c:/Users/dell 4/Downloads/project_1-20260907T101315Z-1-001/project_1.gen/sources_1/bd/slave/ip/slave_axi_quad_spi_0_1/slave_axi_quad_spi_0_1_board.xdc] for cell 'slave_i/axi_quad_spi_1/U0'
Parsing XDC File [c:/Users/dell 4/Downloads/project_1-20260907T101315Z-1-001/project_1.gen/sources_1/bd/slave/ip/slave_axi_quad_spi_0_1/slave_axi_quad_spi_0_1.xdc] for cell 'slave_i/axi_quad_spi_1/U0'
Finished Parsing XDC File [c:/Users/dell 4/Downloads/project_1-20260907T101315Z-1-001/project_1.gen/sources_1/bd/slave/ip/slave_axi_quad_spi_0_1/slave_axi_quad_spi_0_1.xdc] for cell 'slave_i/axi_quad_spi_1/U0'
Parsing XDC File [c:/Users/dell 4/Downloads/project_1-20260907T101315Z-1-001/project_1.gen/sources_1/bd/slave/ip/slave_axi_quad_spi_1_0/slave_axi_quad_spi_1_0_board.xdc] for cell 'slave_i/axi_quad_spi_2/U0'
Finished Parsing XDC File [c:/Users/dell 4/Downloads/project_1-20260907T101315Z-1-001/project_1.gen/sources_1/bd/slave/ip/slave_axi_quad_spi_1_0/slave_axi_quad_spi_1_0_board.xdc] for cell 'slave_i/axi_quad_spi_2/U0'
Parsing XDC File [c:/Users/dell 4/Downloads/project_1-20260907T101315Z-1-001/project_1.gen/sources_1/bd/slave/ip/slave_axi_quad_spi_1_0/slave_axi_quad_spi_1_0.xdc] for cell 'slave_i/axi_quad_spi_2/U0'
Finished Parsing XDC File [c:/Users/dell 4/Downloads/project_1-20260907T101315Z-1-001/project_1.gen/sources_1/bd/slave/ip/slave_axi_quad_spi_1_0/slave_axi_quad_spi_1_0.xdc] for cell 'slave_i/axi_quad_spi_2/U0'
Parsing XDC File [c:/Users/dell 4/Downloads/project_1-20260907T101315Z-1-001/project_1.gen/sources_1/bd/slave/ip/slave_axi_quad_spi_2_0/slave_axi_quad_spi_2_0_board.xdc] for cell 'slave_i/axi_quad_spi_3/U0'
Finished Parsing XDC File [c:/Users/dell 4/Downloads/project_1-20260907T101315Z-1-001/project_1.gen/sources_1/bd/slave/ip/slave_axi_quad_spi_2_0/slave_axi_quad_spi_2_0_board.xdc] for cell 'slave_i/axi_quad_spi_3/U0'
Parsing XDC File [c:/Users/dell 4/Downloads/project_1-20260907T101315Z-1-001/project_1.gen/sources_1/bd/slave/ip/slave_axi_quad_spi_2_0/slave_axi_quad_spi_2_0.xdc] for cell 'slave_i/axi_quad_spi_3/U0'
Finished Parsing XDC File [c:/Users/dell 4/Downloads/project_1-20260907T101315Z-1-001/project_1.gen/sources_1/bd/slave/ip/slave_axi_quad_spi_2_0/slave_axi_quad_spi_2_0.xdc] for cell 'slave_i/axi_quad_spi_3/U0'
Parsing XDC File [c:/Users/dell 4/Downloads/project_1-20260907T101315Z-1-001/project_1.gen/sources_1/bd/slave/ip/slave_axi_gpio_0_0/slave_axi_gpio_0_0_board.xdc] for cell 'slave_i/axi_gpio_0/U0'
Finished Parsing XDC File [c:/Users/dell 4/Downloads/project_1-20260907T101315Z-1-001/project_1.gen/sources_1/bd/slave/ip/slave_axi_gpio_0_0/slave_axi_gpio_0_0_board.xdc] for cell 'slave_i/axi_gpio_0/U0'
Parsing XDC File [c:/Users/dell 4/Downloads/project_1-20260907T101315Z-1-001/project_1.gen/sources_1/bd/slave/ip/slave_axi_intc_0_0/slave_axi_intc_0_0.xdc] for cell 'slave_i/axi_intc_0/U0'
Finished Parsing XDC File [c:/Users/dell 4/Downloads/project_1-20260907T101315Z-1-001/project_1.gen/sources_1/bd/slave/ip/slave_axi_intc_0_0/slave_axi_intc_0_0.xdc] for cell 'slave_i/axi_intc_0/U0'
Parsing XDC File [c:/Users/dell 4/Downloads/project_1-20260907T101315Z-1-001/project_1.gen/sources_1/bd/slave/ip/slave_microblaze_0_0/slave_microblaze_0_0.xdc] for cell 'slave_i/microblaze_0/U0'
WARNING: [Vivado_Tcl 4-921] Waiver ID 'CDC-26' -to list should not be empty. [c:/Users/dell 4/Downloads/project_1-20260907T101315Z-1-001/project_1.gen/sources_1/bd/slave/ip/slave_microblaze_0_0/slave_microblaze_0_0.xdc:3]
WARNING: [Vivado_Tcl 4-921] Waiver ID 'CDC-1' -to list should not be empty. [c:/Users/dell 4/Downloads/project_1-20260907T101315Z-1-001/project_1.gen/sources_1/bd/slave/ip/slave_microblaze_0_0/slave_microblaze_0_0.xdc:27]
WARNING: [Vivado_Tcl 4-921] Waiver ID 'CDC-1' -to list should not be empty. [c:/Users/dell 4/Downloads/project_1-20260907T101315Z-1-001/project_1.gen/sources_1/bd/slave/ip/slave_microblaze_0_0/slave_microblaze_0_0.xdc:37]
WARNING: [Vivado_Tcl 4-921] Waiver ID 'CDC-1' -to list should not be empty. [c:/Users/dell 4/Downloads/project_1-20260907T101315Z-1-001/project_1.gen/sources_1/bd/slave/ip/slave_microblaze_0_0/slave_microblaze_0_0.xdc:61]
WARNING: [Vivado_Tcl 4-921] Waiver ID 'CDC-1' -to list should not be empty. [c:/Users/dell 4/Downloads/project_1-20260907T101315Z-1-001/project_1.gen/sources_1/bd/slave/ip/slave_microblaze_0_0/slave_microblaze_0_0.xdc:69]
WARNING: [Vivado_Tcl 4-921] Waiver ID 'CDC-1' -to list should not be empty. [c:/Users/dell 4/Downloads/project_1-20260907T101315Z-1-001/project_1.gen/sources_1/bd/slave/ip/slave_microblaze_0_0/slave_microblaze_0_0.xdc:77]
WARNING: [Vivado_Tcl 4-921] Waiver ID 'CDC-7' -to list should not be empty. [c:/Users/dell 4/Downloads/project_1-20260907T101315Z-1-001/project_1.gen/sources_1/bd/slave/ip/slave_microblaze_0_0/slave_microblaze_0_0.xdc:95]
WARNING: [Vivado_Tcl 4-919] Waiver ID 'CDC-11' -from list should not be empty. [c:/Users/dell 4/Downloads/project_1-20260907T101315Z-1-001/project_1.gen/sources_1/bd/slave/ip/slave_microblaze_0_0/slave_microblaze_0_0.xdc:103]
WARNING: [Vivado_Tcl 4-921] Waiver ID 'CDC-15' -to list should not be empty. [c:/Users/dell 4/Downloads/project_1-20260907T101315Z-1-001/project_1.gen/sources_1/bd/slave/ip/slave_microblaze_0_0/slave_microblaze_0_0.xdc:113]
WARNING: [Vivado_Tcl 4-921] Waiver ID 'CDC-15' -to list should not be empty. [c:/Users/dell 4/Downloads/project_1-20260907T101315Z-1-001/project_1.gen/sources_1/bd/slave/ip/slave_microblaze_0_0/slave_microblaze_0_0.xdc:138]
WARNING: [Vivado_Tcl 4-921] Waiver ID 'CDC-15' -to list should not be empty. [c:/Users/dell 4/Downloads/project_1-20260907T101315Z-1-001/project_1.gen/sources_1/bd/slave/ip/slave_microblaze_0_0/slave_microblaze_0_0.xdc:140]
WARNING: [Vivado_Tcl 4-919] Waiver ID 'CDC-1' -from list should not be empty. [c:/Users/dell 4/Downloads/project_1-20260907T101315Z-1-001/project_1.gen/sources_1/bd/slave/ip/slave_microblaze_0_0/slave_microblaze_0_0.xdc:146]
Finished Parsing XDC File [c:/Users/dell 4/Downloads/project_1-20260907T101315Z-1-001/project_1.gen/sources_1/bd/slave/ip/slave_microblaze_0_0/slave_microblaze_0_0.xdc] for cell 'slave_i/microblaze_0/U0'
Parsing XDC File [c:/Users/dell 4/Downloads/project_1-20260907T101315Z-1-001/project_1.gen/sources_1/bd/slave/ip/slave_clk_wiz_1_0/slave_clk_wiz_1_0_board.xdc] for cell 'slave_i/clk_wiz_1/inst'
Finished Parsing XDC File [c:/Users/dell 4/Downloads/project_1-20260907T101315Z-1-001/project_1.gen/sources_1/bd/slave/ip/slave_clk_wiz_1_0/slave_clk_wiz_1_0_board.xdc] for cell 'slave_i/clk_wiz_1/inst'
Parsing XDC File [c:/Users/dell 4/Downloads/project_1-20260907T101315Z-1-001/project_1.gen/sources_1/bd/slave/ip/slave_clk_wiz_1_0/slave_clk_wiz_1_0.xdc] for cell 'slave_i/clk_wiz_1/inst'
INFO: [Timing 38-35] Done setting XDC timing constraints. [c:/Users/dell 4/Downloads/project_1-20260907T101315Z-1-001/project_1.gen/sources_1/bd/slave/ip/slave_clk_wiz_1_0/slave_clk_wiz_1_0.xdc:54]
INFO: [Timing 38-2] Deriving generated clocks [c:/Users/dell 4/Downloads/project_1-20260907T101315Z-1-001/project_1.gen/sources_1/bd/slave/ip/slave_clk_wiz_1_0/slave_clk_wiz_1_0.xdc:54]
get_clocks: Time (s): cpu = 00:00:08 ; elapsed = 00:00:08 . Memory (MB): peak = 1549.438 ; gain = 584.590
Finished Parsing XDC File [c:/Users/dell 4/Downloads/project_1-20260907T101315Z-1-001/project_1.gen/sources_1/bd/slave/ip/slave_clk_wiz_1_0/slave_clk_wiz_1_0.xdc] for cell 'slave_i/clk_wiz_1/inst'
Parsing XDC File [c:/Users/dell 4/Downloads/project_1-20260907T101315Z-1-001/project_1.gen/sources_1/bd/slave/ip/slave_rst_clk_wiz_1_100M_0/slave_rst_clk_wiz_1_100M_0_board.xdc] for cell 'slave_i/rst_clk_wiz_1_100M/U0'
Finished Parsing XDC File [c:/Users/dell 4/Downloads/project_1-20260907T101315Z-1-001/project_1.gen/sources_1/bd/slave/ip/slave_rst_clk_wiz_1_100M_0/slave_rst_clk_wiz_1_100M_0_board.xdc] for cell 'slave_i/rst_clk_wiz_1_100M/U0'
Parsing XDC File [c:/Users/dell 4/Downloads/project_1-20260907T101315Z-1-001/project_1.gen/sources_1/bd/slave/ip/slave_axi_quad_spi_4_0/slave_axi_quad_spi_4_0_board.xdc] for cell 'slave_i/axi_quad_spi_4/U0'
Finished Parsing XDC File [c:/Users/dell 4/Downloads/project_1-20260907T101315Z-1-001/project_1.gen/sources_1/bd/slave/ip/slave_axi_quad_spi_4_0/slave_axi_quad_spi_4_0_board.xdc] for cell 'slave_i/axi_quad_spi_4/U0'
Parsing XDC File [c:/Users/dell 4/Downloads/project_1-20260907T101315Z-1-001/project_1.gen/sources_1/bd/slave/ip/slave_axi_quad_spi_4_0/slave_axi_quad_spi_4_0.xdc] for cell 'slave_i/axi_quad_spi_4/U0'
Finished Parsing XDC File [c:/Users/dell 4/Downloads/project_1-20260907T101315Z-1-001/project_1.gen/sources_1/bd/slave/ip/slave_axi_quad_spi_4_0/slave_axi_quad_spi_4_0.xdc] for cell 'slave_i/axi_quad_spi_4/U0'
Parsing XDC File [C:/Users/dell 4/Downloads/constraints_slave_updated.xdc]
Finished Parsing XDC File [C:/Users/dell 4/Downloads/constraints_slave_updated.xdc]
Parsing XDC File [c:/Users/dell 4/Downloads/project_1-20260907T101315Z-1-001/project_1.gen/sources_1/bd/slave/ip/slave_axi_quad_spi_0_0/slave_axi_quad_spi_0_0_clocks.xdc] for cell 'slave_i/axi_quad_spi_0/U0'
Finished Parsing XDC File [c:/Users/dell 4/Downloads/project_1-20260907T101315Z-1-001/project_1.gen/sources_1/bd/slave/ip/slave_axi_quad_spi_0_0/slave_axi_quad_spi_0_0_clocks.xdc] for cell 'slave_i/axi_quad_spi_0/U0'
Parsing XDC File [c:/Users/dell 4/Downloads/project_1-20260907T101315Z-1-001/project_1.gen/sources_1/bd/slave/ip/slave_axi_quad_spi_0_1/slave_axi_quad_spi_0_1_clocks.xdc] for cell 'slave_i/axi_quad_spi_1/U0'
Finished Parsing XDC File [c:/Users/dell 4/Downloads/project_1-20260907T101315Z-1-001/project_1.gen/sources_1/bd/slave/ip/slave_axi_quad_spi_0_1/slave_axi_quad_spi_0_1_clocks.xdc] for cell 'slave_i/axi_quad_spi_1/U0'
Parsing XDC File [c:/Users/dell 4/Downloads/project_1-20260907T101315Z-1-001/project_1.gen/sources_1/bd/slave/ip/slave_axi_quad_spi_1_0/slave_axi_quad_spi_1_0_clocks.xdc] for cell 'slave_i/axi_quad_spi_2/U0'
Finished Parsing XDC File [c:/Users/dell 4/Downloads/project_1-20260907T101315Z-1-001/project_1.gen/sources_1/bd/slave/ip/slave_axi_quad_spi_1_0/slave_axi_quad_spi_1_0_clocks.xdc] for cell 'slave_i/axi_quad_spi_2/U0'
Parsing XDC File [c:/Users/dell 4/Downloads/project_1-20260907T101315Z-1-001/project_1.gen/sources_1/bd/slave/ip/slave_axi_quad_spi_2_0/slave_axi_quad_spi_2_0_clocks.xdc] for cell 'slave_i/axi_quad_spi_3/U0'
Finished Parsing XDC File [c:/Users/dell 4/Downloads/project_1-20260907T101315Z-1-001/project_1.gen/sources_1/bd/slave/ip/slave_axi_quad_spi_2_0/slave_axi_quad_spi_2_0_clocks.xdc] for cell 'slave_i/axi_quad_spi_3/U0'
Parsing XDC File [c:/Users/dell 4/Downloads/project_1-20260907T101315Z-1-001/project_1.gen/sources_1/bd/slave/ip/slave_axi_intc_0_0/slave_axi_intc_0_0_clocks.xdc] for cell 'slave_i/axi_intc_0/U0'
Finished Parsing XDC File [c:/Users/dell 4/Downloads/project_1-20260907T101315Z-1-001/project_1.gen/sources_1/bd/slave/ip/slave_axi_intc_0_0/slave_axi_intc_0_0_clocks.xdc] for cell 'slave_i/axi_intc_0/U0'
Parsing XDC File [c:/Users/dell 4/Downloads/project_1-20260907T101315Z-1-001/project_1.gen/sources_1/bd/slave/ip/slave_mdm_1_0/slave_mdm_1_0.xdc] for cell 'slave_i/mdm_1/U0'
WARNING: [Vivado_Tcl 4-921] Waiver ID 'CDC-1' -to list should not be empty. [c:/Users/dell 4/Downloads/project_1-20260907T101315Z-1-001/project_1.gen/sources_1/bd/slave/ip/slave_mdm_1_0/slave_mdm_1_0.xdc:26]
WARNING: [Vivado_Tcl 4-921] Waiver ID 'CDC-1' -to list should not be empty. [c:/Users/dell 4/Downloads/project_1-20260907T101315Z-1-001/project_1.gen/sources_1/bd/slave/ip/slave_mdm_1_0/slave_mdm_1_0.xdc:36]
WARNING: [Vivado_Tcl 4-921] Waiver ID 'CDC-1' -to list should not be empty. [c:/Users/dell 4/Downloads/project_1-20260907T101315Z-1-001/project_1.gen/sources_1/bd/slave/ip/slave_mdm_1_0/slave_mdm_1_0.xdc:62]
WARNING: [Vivado_Tcl 4-921] Waiver ID 'CDC-1' -to list should not be empty. [c:/Users/dell 4/Downloads/project_1-20260907T101315Z-1-001/project_1.gen/sources_1/bd/slave/ip/slave_mdm_1_0/slave_mdm_1_0.xdc:64]
WARNING: [Vivado_Tcl 4-935] Waiver ID 'CDC-1' is a duplicate and will not be added again. [c:/Users/dell 4/Downloads/project_1-20260907T101315Z-1-001/project_1.gen/sources_1/bd/slave/ip/slave_mdm_1_0/slave_mdm_1_0.xdc:68]
WARNING: [Vivado_Tcl 4-921] Waiver ID 'CDC-1' -to list should not be empty. [c:/Users/dell 4/Downloads/project_1-20260907T101315Z-1-001/project_1.gen/sources_1/bd/slave/ip/slave_mdm_1_0/slave_mdm_1_0.xdc:82]
WARNING: [Vivado_Tcl 4-921] Waiver ID 'CDC-7' -to list should not be empty. [c:/Users/dell 4/Downloads/project_1-20260907T101315Z-1-001/project_1.gen/sources_1/bd/slave/ip/slave_mdm_1_0/slave_mdm_1_0.xdc:98]
WARNING: [Vivado_Tcl 4-919] Waiver ID 'CDC-13' -from list should not be empty. [c:/Users/dell 4/Downloads/project_1-20260907T101315Z-1-001/project_1.gen/sources_1/bd/slave/ip/slave_mdm_1_0/slave_mdm_1_0.xdc:116]
WARNING: [Vivado_Tcl 4-921] Waiver ID 'CDC-15' -to list should not be empty. [c:/Users/dell 4/Downloads/project_1-20260907T101315Z-1-001/project_1.gen/sources_1/bd/slave/ip/slave_mdm_1_0/slave_mdm_1_0.xdc:130]
WARNING: [Vivado_Tcl 4-921] Waiver ID 'CDC-15' -to list should not be empty. [c:/Users/dell 4/Downloads/project_1-20260907T101315Z-1-001/project_1.gen/sources_1/bd/slave/ip/slave_mdm_1_0/slave_mdm_1_0.xdc:132]
WARNING: [Vivado_Tcl 4-921] Waiver ID 'CDC-15' -to list should not be empty. [c:/Users/dell 4/Downloads/project_1-20260907T101315Z-1-001/project_1.gen/sources_1/bd/slave/ip/slave_mdm_1_0/slave_mdm_1_0.xdc:138]
Finished Parsing XDC File [c:/Users/dell 4/Downloads/project_1-20260907T101315Z-1-001/project_1.gen/sources_1/bd/slave/ip/slave_mdm_1_0/slave_mdm_1_0.xdc] for cell 'slave_i/mdm_1/U0'
Parsing XDC File [c:/Users/dell 4/Downloads/project_1-20260907T101315Z-1-001/project_1.gen/sources_1/bd/slave/ip/slave_axi_quad_spi_4_0/slave_axi_quad_spi_4_0_clocks.xdc] for cell 'slave_i/axi_quad_spi_4/U0'
Finished Parsing XDC File [c:/Users/dell 4/Downloads/project_1-20260907T101315Z-1-001/project_1.gen/sources_1/bd/slave/ip/slave_axi_quad_spi_4_0/slave_axi_quad_spi_4_0_clocks.xdc] for cell 'slave_i/axi_quad_spi_4/U0'
WARNING: [XPM_CDC_GRAY: TCL-1000] The source and destination clocks are the same. 
     Instance: slave_i/axi_quad_spi_0/U0/NO_DUAL_QUAD_MODE.QSPI_NORMAL/QSPI_LEGACY_MD_GEN.QSPI_CORE_INTERFACE_I/FIFO_EXISTS.TX_FIFO_II/gnuram_async_fifo.xpm_fifo_base_inst/gen_cdc_pntr.rd_pntr_cdc_inst 
  This will add unnecessary latency to the design. Please check the design for the following: 
 1) Manually instantiated XPM_CDC modules: AMD recommends that you remove these modules. 
 2) AMD IP that contains XPM_CDC modules: Verify the connections to the IP to determine whether you can safely ignore this message.
 [D:/XILINX/2025.1/Vivado/data/ip/xpm/xpm_cdc/tcl/xpm_cdc_gray.tcl:16]
WARNING: [XPM_CDC_GRAY: TCL-1000] The source and destination clocks are the same. 
     Instance: slave_i/axi_quad_spi_0/U0/NO_DUAL_QUAD_MODE.QSPI_NORMAL/QSPI_LEGACY_MD_GEN.QSPI_CORE_INTERFACE_I/FIFO_EXISTS.RX_FIFO_II/gnuram_async_fifo.xpm_fifo_base_inst/gen_cdc_pntr.wr_pntr_cdc_inst 
  This will add unnecessary latency to the design. Please check the design for the following: 
 1) Manually instantiated XPM_CDC modules: AMD recommends that you remove these modules. 
 2) AMD IP that contains XPM_CDC modules: Verify the connections to the IP to determine whether you can safely ignore this message.
 [D:/XILINX/2025.1/Vivado/data/ip/xpm/xpm_cdc/tcl/xpm_cdc_gray.tcl:16]
WARNING: [XPM_CDC_GRAY: TCL-1000] The source and destination clocks are the same. 
     Instance: slave_i/axi_quad_spi_0/U0/NO_DUAL_QUAD_MODE.QSPI_NORMAL/QSPI_LEGACY_MD_GEN.QSPI_CORE_INTERFACE_I/FIFO_EXISTS.RX_FIFO_II/gnuram_async_fifo.xpm_fifo_base_inst/gen_cdc_pntr.rd_pntr_cdc_inst 
  This will add unnecessary latency to the design. Please check the design for the following: 
 1) Manually instantiated XPM_CDC modules: AMD recommends that you remove these modules. 
 2) AMD IP that contains XPM_CDC modules: Verify the connections to the IP to determine whether you can safely ignore this message.
 [D:/XILINX/2025.1/Vivado/data/ip/xpm/xpm_cdc/tcl/xpm_cdc_gray.tcl:16]
WARNING: [XPM_CDC_GRAY: TCL-1000] The source and destination clocks are the same. 
     Instance: slave_i/axi_quad_spi_0/U0/NO_DUAL_QUAD_MODE.QSPI_NORMAL/QSPI_LEGACY_MD_GEN.QSPI_CORE_INTERFACE_I/FIFO_EXISTS.TX_FIFO_II/gnuram_async_fifo.xpm_fifo_base_inst/gen_cdc_pntr.wr_pntr_cdc_inst 
  This will add unnecessary latency to the design. Please check the design for the following: 
 1) Manually instantiated XPM_CDC modules: AMD recommends that you remove these modules. 
 2) AMD IP that contains XPM_CDC modules: Verify the connections to the IP to determine whether you can safely ignore this message.
 [D:/XILINX/2025.1/Vivado/data/ip/xpm/xpm_cdc/tcl/xpm_cdc_gray.tcl:16]
WARNING: [XPM_CDC_GRAY: TCL-1000] The source and destination clocks are the same. 
     Instance: slave_i/axi_quad_spi_0/U0/NO_DUAL_QUAD_MODE.QSPI_NORMAL/QSPI_LEGACY_MD_GEN.QSPI_CORE_INTERFACE_I/FIFO_EXISTS.TX_FIFO_II/gnuram_async_fifo.xpm_fifo_base_inst/gen_cdc_pntr.wr_pntr_cdc_dc_inst 
  This will add unnecessary latency to the design. Please check the design for the following: 
 1) Manually instantiated XPM_CDC modules: AMD recommends that you remove these modules. 
 2) AMD IP that contains XPM_CDC modules: Verify the connections to the IP to determine whether you can safely ignore this message.
 [D:/XILINX/2025.1/Vivado/data/ip/xpm/xpm_cdc/tcl/xpm_cdc_gray.tcl:16]
WARNING: [XPM_CDC_GRAY: TCL-1000] The source and destination clocks are the same. 
     Instance: slave_i/axi_quad_spi_0/U0/NO_DUAL_QUAD_MODE.QSPI_NORMAL/QSPI_LEGACY_MD_GEN.QSPI_CORE_INTERFACE_I/FIFO_EXISTS.RX_FIFO_II/gnuram_async_fifo.xpm_fifo_base_inst/gen_cdc_pntr.wr_pntr_cdc_dc_inst 
  This will add unnecessary latency to the design. Please check the design for the following: 
 1) Manually instantiated XPM_CDC modules: AMD recommends that you remove these modules. 
 2) AMD IP that contains XPM_CDC modules: Verify the connections to the IP to determine whether you can safely ignore this message.
 [D:/XILINX/2025.1/Vivado/data/ip/xpm/xpm_cdc/tcl/xpm_cdc_gray.tcl:16]
WARNING: [XPM_CDC_GRAY: TCL-1000] The source and destination clocks are the same. 
     Instance: slave_i/axi_quad_spi_0/U0/NO_DUAL_QUAD_MODE.QSPI_NORMAL/QSPI_LEGACY_MD_GEN.QSPI_CORE_INTERFACE_I/FIFO_EXISTS.TX_FIFO_II/gnuram_async_fifo.xpm_fifo_base_inst/gen_cdc_pntr.rd_pntr_cdc_dc_inst 
  This will add unnecessary latency to the design. Please check the design for the following: 
 1) Manually instantiated XPM_CDC modules: AMD recommends that you remove these modules. 
 2) AMD IP that contains XPM_CDC modules: Verify the connections to the IP to determine whether you can safely ignore this message.
 [D:/XILINX/2025.1/Vivado/data/ip/xpm/xpm_cdc/tcl/xpm_cdc_gray.tcl:16]
WARNING: [XPM_CDC_GRAY: TCL-1000] The source and destination clocks are the same. 
     Instance: slave_i/axi_quad_spi_0/U0/NO_DUAL_QUAD_MODE.QSPI_NORMAL/QSPI_LEGACY_MD_GEN.QSPI_CORE_INTERFACE_I/FIFO_EXISTS.RX_FIFO_II/gnuram_async_fifo.xpm_fifo_base_inst/gen_cdc_pntr.rd_pntr_cdc_dc_inst 
  This will add unnecessary latency to the design. Please check the design for the following: 
 1) Manually instantiated XPM_CDC modules: AMD recommends that you remove these modules. 
 2) AMD IP that contains XPM_CDC modules: Verify the connections to the IP to determine whether you can safely ignore this message.
 [D:/XILINX/2025.1/Vivado/data/ip/xpm/xpm_cdc/tcl/xpm_cdc_gray.tcl:16]
WARNING: [XPM_CDC_GRAY: TCL-1000] The source and destination clocks are the same. 
     Instance: slave_i/axi_quad_spi_1/U0/NO_DUAL_QUAD_MODE.QSPI_NORMAL/QSPI_LEGACY_MD_GEN.QSPI_CORE_INTERFACE_I/FIFO_EXISTS.TX_FIFO_II/gnuram_async_fifo.xpm_fifo_base_inst/gen_cdc_pntr.rd_pntr_cdc_inst 
  This will add unnecessary latency to the design. Please check the design for the following: 
 1) Manually instantiated XPM_CDC modules: AMD recommends that you remove these modules. 
 2) AMD IP that contains XPM_CDC modules: Verify the connections to the IP to determine whether you can safely ignore this message.
 [D:/XILINX/2025.1/Vivado/data/ip/xpm/xpm_cdc/tcl/xpm_cdc_gray.tcl:16]
WARNING: [XPM_CDC_GRAY: TCL-1000] The source and destination clocks are the same. 
     Instance: slave_i/axi_quad_spi_1/U0/NO_DUAL_QUAD_MODE.QSPI_NORMAL/QSPI_LEGACY_MD_GEN.QSPI_CORE_INTERFACE_I/FIFO_EXISTS.RX_FIFO_II/gnuram_async_fifo.xpm_fifo_base_inst/gen_cdc_pntr.wr_pntr_cdc_inst 
  This will add unnecessary latency to the design. Please check the design for the following: 
 1) Manually instantiated XPM_CDC modules: AMD recommends that you remove these modules. 
 2) AMD IP that contains XPM_CDC modules: Verify the connections to the IP to determine whether you can safely ignore this message.
 [D:/XILINX/2025.1/Vivado/data/ip/xpm/xpm_cdc/tcl/xpm_cdc_gray.tcl:16]
WARNING: [XPM_CDC_GRAY: TCL-1000] The source and destination clocks are the same. 
     Instance: slave_i/axi_quad_spi_1/U0/NO_DUAL_QUAD_MODE.QSPI_NORMAL/QSPI_LEGACY_MD_GEN.QSPI_CORE_INTERFACE_I/FIFO_EXISTS.RX_FIFO_II/gnuram_async_fifo.xpm_fifo_base_inst/gen_cdc_pntr.rd_pntr_cdc_inst 
  This will add unnecessary latency to the design. Please check the design for the following: 
 1) Manually instantiated XPM_CDC modules: AMD recommends that you remove these modules. 
 2) AMD IP that contains XPM_CDC modules: Verify the connections to the IP to determine whether you can safely ignore this message.
 [D:/XILINX/2025.1/Vivado/data/ip/xpm/xpm_cdc/tcl/xpm_cdc_gray.tcl:16]
WARNING: [XPM_CDC_GRAY: TCL-1000] The source and destination clocks are the same. 
     Instance: slave_i/axi_quad_spi_1/U0/NO_DUAL_QUAD_MODE.QSPI_NORMAL/QSPI_LEGACY_MD_GEN.QSPI_CORE_INTERFACE_I/FIFO_EXISTS.TX_FIFO_II/gnuram_async_fifo.xpm_fifo_base_inst/gen_cdc_pntr.wr_pntr_cdc_inst 
  This will add unnecessary latency to the design. Please check the design for the following: 
 1) Manually instantiated XPM_CDC modules: AMD recommends that you remove these modules. 
 2) AMD IP that contains XPM_CDC modules: Verify the connections to the IP to determine whether you can safely ignore this message.
 [D:/XILINX/2025.1/Vivado/data/ip/xpm/xpm_cdc/tcl/xpm_cdc_gray.tcl:16]
WARNING: [XPM_CDC_GRAY: TCL-1000] The source and destination clocks are the same. 
     Instance: slave_i/axi_quad_spi_1/U0/NO_DUAL_QUAD_MODE.QSPI_NORMAL/QSPI_LEGACY_MD_GEN.QSPI_CORE_INTERFACE_I/FIFO_EXISTS.TX_FIFO_II/gnuram_async_fifo.xpm_fifo_base_inst/gen_cdc_pntr.wr_pntr_cdc_dc_inst 
  This will add unnecessary latency to the design. Please check the design for the following: 
 1) Manually instantiated XPM_CDC modules: AMD recommends that you remove these modules. 
 2) AMD IP that contains XPM_CDC modules: Verify the connections to the IP to determine whether you can safely ignore this message.
 [D:/XILINX/2025.1/Vivado/data/ip/xpm/xpm_cdc/tcl/xpm_cdc_gray.tcl:16]
WARNING: [XPM_CDC_GRAY: TCL-1000] The source and destination clocks are the same. 
     Instance: slave_i/axi_quad_spi_1/U0/NO_DUAL_QUAD_MODE.QSPI_NORMAL/QSPI_LEGACY_MD_GEN.QSPI_CORE_INTERFACE_I/FIFO_EXISTS.RX_FIFO_II/gnuram_async_fifo.xpm_fifo_base_inst/gen_cdc_pntr.wr_pntr_cdc_dc_inst 
  This will add unnecessary latency to the design. Please check the design for the following: 
 1) Manually instantiated XPM_CDC modules: AMD recommends that you remove these modules. 
 2) AMD IP that contains XPM_CDC modules: Verify the connections to the IP to determine whether you can safely ignore this message.
 [D:/XILINX/2025.1/Vivado/data/ip/xpm/xpm_cdc/tcl/xpm_cdc_gray.tcl:16]
WARNING: [XPM_CDC_GRAY: TCL-1000] The source and destination clocks are the same. 
     Instance: slave_i/axi_quad_spi_1/U0/NO_DUAL_QUAD_MODE.QSPI_NORMAL/QSPI_LEGACY_MD_GEN.QSPI_CORE_INTERFACE_I/FIFO_EXISTS.TX_FIFO_II/gnuram_async_fifo.xpm_fifo_base_inst/gen_cdc_pntr.rd_pntr_cdc_dc_inst 
  This will add unnecessary latency to the design. Please check the design for the following: 
 1) Manually instantiated XPM_CDC modules: AMD recommends that you remove these modules. 
 2) AMD IP that contains XPM_CDC modules: Verify the connections to the IP to determine whether you can safely ignore this message.
 [D:/XILINX/2025.1/Vivado/data/ip/xpm/xpm_cdc/tcl/xpm_cdc_gray.tcl:16]
WARNING: [XPM_CDC_GRAY: TCL-1000] The source and destination clocks are the same. 
     Instance: slave_i/axi_quad_spi_1/U0/NO_DUAL_QUAD_MODE.QSPI_NORMAL/QSPI_LEGACY_MD_GEN.QSPI_CORE_INTERFACE_I/FIFO_EXISTS.RX_FIFO_II/gnuram_async_fifo.xpm_fifo_base_inst/gen_cdc_pntr.rd_pntr_cdc_dc_inst 
  This will add unnecessary latency to the design. Please check the design for the following: 
 1) Manually instantiated XPM_CDC modules: AMD recommends that you remove these modules. 
 2) AMD IP that contains XPM_CDC modules: Verify the connections to the IP to determine whether you can safely ignore this message.
 [D:/XILINX/2025.1/Vivado/data/ip/xpm/xpm_cdc/tcl/xpm_cdc_gray.tcl:16]
WARNING: [XPM_CDC_GRAY: TCL-1000] The source and destination clocks are the same. 
     Instance: slave_i/axi_quad_spi_2/U0/NO_DUAL_QUAD_MODE.QSPI_NORMAL/QSPI_LEGACY_MD_GEN.QSPI_CORE_INTERFACE_I/FIFO_EXISTS.TX_FIFO_II/gnuram_async_fifo.xpm_fifo_base_inst/gen_cdc_pntr.rd_pntr_cdc_inst 
  This will add unnecessary latency to the design. Please check the design for the following: 
 1) Manually instantiated XPM_CDC modules: AMD recommends that you remove these modules. 
 2) AMD IP that contains XPM_CDC modules: Verify the connections to the IP to determine whether you can safely ignore this message.
 [D:/XILINX/2025.1/Vivado/data/ip/xpm/xpm_cdc/tcl/xpm_cdc_gray.tcl:16]
WARNING: [XPM_CDC_GRAY: TCL-1000] The source and destination clocks are the same. 
     Instance: slave_i/axi_quad_spi_2/U0/NO_DUAL_QUAD_MODE.QSPI_NORMAL/QSPI_LEGACY_MD_GEN.QSPI_CORE_INTERFACE_I/FIFO_EXISTS.RX_FIFO_II/gnuram_async_fifo.xpm_fifo_base_inst/gen_cdc_pntr.wr_pntr_cdc_inst 
  This will add unnecessary latency to the design. Please check the design for the following: 
 1) Manually instantiated XPM_CDC modules: AMD recommends that you remove these modules. 
 2) AMD IP that contains XPM_CDC modules: Verify the connections to the IP to determine whether you can safely ignore this message.
 [D:/XILINX/2025.1/Vivado/data/ip/xpm/xpm_cdc/tcl/xpm_cdc_gray.tcl:16]
WARNING: [XPM_CDC_GRAY: TCL-1000] The source and destination clocks are the same. 
     Instance: slave_i/axi_quad_spi_2/U0/NO_DUAL_QUAD_MODE.QSPI_NORMAL/QSPI_LEGACY_MD_GEN.QSPI_CORE_INTERFACE_I/FIFO_EXISTS.RX_FIFO_II/gnuram_async_fifo.xpm_fifo_base_inst/gen_cdc_pntr.rd_pntr_cdc_inst 
  This will add unnecessary latency to the design. Please check the design for the following: 
 1) Manually instantiated XPM_CDC modules: AMD recommends that you remove these modules. 
 2) AMD IP that contains XPM_CDC modules: Verify the connections to the IP to determine whether you can safely ignore this message.
 [D:/XILINX/2025.1/Vivado/data/ip/xpm/xpm_cdc/tcl/xpm_cdc_gray.tcl:16]
WARNING: [XPM_CDC_GRAY: TCL-1000] The source and destination clocks are the same. 
     Instance: slave_i/axi_quad_spi_2/U0/NO_DUAL_QUAD_MODE.QSPI_NORMAL/QSPI_LEGACY_MD_GEN.QSPI_CORE_INTERFACE_I/FIFO_EXISTS.TX_FIFO_II/gnuram_async_fifo.xpm_fifo_base_inst/gen_cdc_pntr.wr_pntr_cdc_inst 
  This will add unnecessary latency to the design. Please check the design for the following: 
 1) Manually instantiated XPM_CDC modules: AMD recommends that you remove these modules. 
 2) AMD IP that contains XPM_CDC modules: Verify the connections to the IP to determine whether you can safely ignore this message.
 [D:/XILINX/2025.1/Vivado/data/ip/xpm/xpm_cdc/tcl/xpm_cdc_gray.tcl:16]
WARNING: [XPM_CDC_GRAY: TCL-1000] The source and destination clocks are the same. 
     Instance: slave_i/axi_quad_spi_2/U0/NO_DUAL_QUAD_MODE.QSPI_NORMAL/QSPI_LEGACY_MD_GEN.QSPI_CORE_INTERFACE_I/FIFO_EXISTS.TX_FIFO_II/gnuram_async_fifo.xpm_fifo_base_inst/gen_cdc_pntr.wr_pntr_cdc_dc_inst 
  This will add unnecessary latency to the design. Please check the design for the following: 
 1) Manually instantiated XPM_CDC modules: AMD recommends that you remove these modules. 
 2) AMD IP that contains XPM_CDC modules: Verify the connections to the IP to determine whether you can safely ignore this message.
 [D:/XILINX/2025.1/Vivado/data/ip/xpm/xpm_cdc/tcl/xpm_cdc_gray.tcl:16]
WARNING: [XPM_CDC_GRAY: TCL-1000] The source and destination clocks are the same. 
     Instance: slave_i/axi_quad_spi_2/U0/NO_DUAL_QUAD_MODE.QSPI_NORMAL/QSPI_LEGACY_MD_GEN.QSPI_CORE_INTERFACE_I/FIFO_EXISTS.RX_FIFO_II/gnuram_async_fifo.xpm_fifo_base_inst/gen_cdc_pntr.wr_pntr_cdc_dc_inst 
  This will add unnecessary latency to the design. Please check the design for the following: 
 1) Manually instantiated XPM_CDC modules: AMD recommends that you remove these modules. 
 2) AMD IP that contains XPM_CDC modules: Verify the connections to the IP to determine whether you can safely ignore this message.
 [D:/XILINX/2025.1/Vivado/data/ip/xpm/xpm_cdc/tcl/xpm_cdc_gray.tcl:16]
WARNING: [XPM_CDC_GRAY: TCL-1000] The source and destination clocks are the same. 
     Instance: slave_i/axi_quad_spi_2/U0/NO_DUAL_QUAD_MODE.QSPI_NORMAL/QSPI_LEGACY_MD_GEN.QSPI_CORE_INTERFACE_I/FIFO_EXISTS.TX_FIFO_II/gnuram_async_fifo.xpm_fifo_base_inst/gen_cdc_pntr.rd_pntr_cdc_dc_inst 
  This will add unnecessary latency to the design. Please check the design for the following: 
 1) Manually instantiated XPM_CDC modules: AMD recommends that you remove these modules. 
 2) AMD IP that contains XPM_CDC modules: Verify the connections to the IP to determine whether you can safely ignore this message.
 [D:/XILINX/2025.1/Vivado/data/ip/xpm/xpm_cdc/tcl/xpm_cdc_gray.tcl:16]
WARNING: [XPM_CDC_GRAY: TCL-1000] The source and destination clocks are the same. 
     Instance: slave_i/axi_quad_spi_2/U0/NO_DUAL_QUAD_MODE.QSPI_NORMAL/QSPI_LEGACY_MD_GEN.QSPI_CORE_INTERFACE_I/FIFO_EXISTS.RX_FIFO_II/gnuram_async_fifo.xpm_fifo_base_inst/gen_cdc_pntr.rd_pntr_cdc_dc_inst 
  This will add unnecessary latency to the design. Please check the design for the following: 
 1) Manually instantiated XPM_CDC modules: AMD recommends that you remove these modules. 
 2) AMD IP that contains XPM_CDC modules: Verify the connections to the IP to determine whether you can safely ignore this message.
 [D:/XILINX/2025.1/Vivado/data/ip/xpm/xpm_cdc/tcl/xpm_cdc_gray.tcl:16]
WARNING: [XPM_CDC_GRAY: TCL-1000] The source and destination clocks are the same. 
     Instance: slave_i/axi_quad_spi_3/U0/NO_DUAL_QUAD_MODE.QSPI_NORMAL/QSPI_LEGACY_MD_GEN.QSPI_CORE_INTERFACE_I/FIFO_EXISTS.TX_FIFO_II/gnuram_async_fifo.xpm_fifo_base_inst/gen_cdc_pntr.rd_pntr_cdc_inst 
  This will add unnecessary latency to the design. Please check the design for the following: 
 1) Manually instantiated XPM_CDC modules: AMD recommends that you remove these modules. 
 2) AMD IP that contains XPM_CDC modules: Verify the connections to the IP to determine whether you can safely ignore this message.
 [D:/XILINX/2025.1/Vivado/data/ip/xpm/xpm_cdc/tcl/xpm_cdc_gray.tcl:16]
WARNING: [XPM_CDC_GRAY: TCL-1000] The source and destination clocks are the same. 
     Instance: slave_i/axi_quad_spi_3/U0/NO_DUAL_QUAD_MODE.QSPI_NORMAL/QSPI_LEGACY_MD_GEN.QSPI_CORE_INTERFACE_I/FIFO_EXISTS.RX_FIFO_II/gnuram_async_fifo.xpm_fifo_base_inst/gen_cdc_pntr.wr_pntr_cdc_inst 
  This will add unnecessary latency to the design. Please check the design for the following: 
 1) Manually instantiated XPM_CDC modules: AMD recommends that you remove these modules. 
 2) AMD IP that contains XPM_CDC modules: Verify the connections to the IP to determine whether you can safely ignore this message.
 [D:/XILINX/2025.1/Vivado/data/ip/xpm/xpm_cdc/tcl/xpm_cdc_gray.tcl:16]
WARNING: [XPM_CDC_GRAY: TCL-1000] The source and destination clocks are the same. 
     Instance: slave_i/axi_quad_spi_3/U0/NO_DUAL_QUAD_MODE.QSPI_NORMAL/QSPI_LEGACY_MD_GEN.QSPI_CORE_INTERFACE_I/FIFO_EXISTS.RX_FIFO_II/gnuram_async_fifo.xpm_fifo_base_inst/gen_cdc_pntr.rd_pntr_cdc_inst 
  This will add unnecessary latency to the design. Please check the design for the following: 
 1) Manually instantiated XPM_CDC modules: AMD recommends that you remove these modules. 
 2) AMD IP that contains XPM_CDC modules: Verify the connections to the IP to determine whether you can safely ignore this message.
 [D:/XILINX/2025.1/Vivado/data/ip/xpm/xpm_cdc/tcl/xpm_cdc_gray.tcl:16]
WARNING: [XPM_CDC_GRAY: TCL-1000] The source and destination clocks are the same. 
     Instance: slave_i/axi_quad_spi_3/U0/NO_DUAL_QUAD_MODE.QSPI_NORMAL/QSPI_LEGACY_MD_GEN.QSPI_CORE_INTERFACE_I/FIFO_EXISTS.TX_FIFO_II/gnuram_async_fifo.xpm_fifo_base_inst/gen_cdc_pntr.wr_pntr_cdc_inst 
  This will add unnecessary latency to the design. Please check the design for the following: 
 1) Manually instantiated XPM_CDC modules: AMD recommends that you remove these modules. 
 2) AMD IP that contains XPM_CDC modules: Verify the connections to the IP to determine whether you can safely ignore this message.
 [D:/XILINX/2025.1/Vivado/data/ip/xpm/xpm_cdc/tcl/xpm_cdc_gray.tcl:16]
WARNING: [XPM_CDC_GRAY: TCL-1000] The source and destination clocks are the same. 
     Instance: slave_i/axi_quad_spi_3/U0/NO_DUAL_QUAD_MODE.QSPI_NORMAL/QSPI_LEGACY_MD_GEN.QSPI_CORE_INTERFACE_I/FIFO_EXISTS.TX_FIFO_II/gnuram_async_fifo.xpm_fifo_base_inst/gen_cdc_pntr.wr_pntr_cdc_dc_inst 
  This will add unnecessary latency to the design. Please check the design for the following: 
 1) Manually instantiated XPM_CDC modules: AMD recommends that you remove these modules. 
 2) AMD IP that contains XPM_CDC modules: Verify the connections to the IP to determine whether you can safely ignore this message.
 [D:/XILINX/2025.1/Vivado/data/ip/xpm/xpm_cdc/tcl/xpm_cdc_gray.tcl:16]
WARNING: [XPM_CDC_GRAY: TCL-1000] The source and destination clocks are the same. 
     Instance: slave_i/axi_quad_spi_3/U0/NO_DUAL_QUAD_MODE.QSPI_NORMAL/QSPI_LEGACY_MD_GEN.QSPI_CORE_INTERFACE_I/FIFO_EXISTS.RX_FIFO_II/gnuram_async_fifo.xpm_fifo_base_inst/gen_cdc_pntr.wr_pntr_cdc_dc_inst 
  This will add unnecessary latency to the design. Please check the design for the following: 
 1) Manually instantiated XPM_CDC modules: AMD recommends that you remove these modules. 
 2) AMD IP that contains XPM_CDC modules: Verify the connections to the IP to determine whether you can safely ignore this message.
 [D:/XILINX/2025.1/Vivado/data/ip/xpm/xpm_cdc/tcl/xpm_cdc_gray.tcl:16]
WARNING: [XPM_CDC_GRAY: TCL-1000] The source and destination clocks are the same. 
     Instance: slave_i/axi_quad_spi_3/U0/NO_DUAL_QUAD_MODE.QSPI_NORMAL/QSPI_LEGACY_MD_GEN.QSPI_CORE_INTERFACE_I/FIFO_EXISTS.TX_FIFO_II/gnuram_async_fifo.xpm_fifo_base_inst/gen_cdc_pntr.rd_pntr_cdc_dc_inst 
  This will add unnecessary latency to the design. Please check the design for the following: 
 1) Manually instantiated XPM_CDC modules: AMD recommends that you remove these modules. 
 2) AMD IP that contains XPM_CDC modules: Verify the connections to the IP to determine whether you can safely ignore this message.
 [D:/XILINX/2025.1/Vivado/data/ip/xpm/xpm_cdc/tcl/xpm_cdc_gray.tcl:16]
WARNING: [XPM_CDC_GRAY: TCL-1000] The source and destination clocks are the same. 
     Instance: slave_i/axi_quad_spi_3/U0/NO_DUAL_QUAD_MODE.QSPI_NORMAL/QSPI_LEGACY_MD_GEN.QSPI_CORE_INTERFACE_I/FIFO_EXISTS.RX_FIFO_II/gnuram_async_fifo.xpm_fifo_base_inst/gen_cdc_pntr.rd_pntr_cdc_dc_inst 
  This will add unnecessary latency to the design. Please check the design for the following: 
 1) Manually instantiated XPM_CDC modules: AMD recommends that you remove these modules. 
 2) AMD IP that contains XPM_CDC modules: Verify the connections to the IP to determine whether you can safely ignore this message.
 [D:/XILINX/2025.1/Vivado/data/ip/xpm/xpm_cdc/tcl/xpm_cdc_gray.tcl:16]
WARNING: [XPM_CDC_GRAY: TCL-1000] The source and destination clocks are the same. 
     Instance: slave_i/axi_quad_spi_4/U0/NO_DUAL_QUAD_MODE.QSPI_NORMAL/QSPI_LEGACY_MD_GEN.QSPI_CORE_INTERFACE_I/FIFO_EXISTS.TX_FIFO_II/gnuram_async_fifo.xpm_fifo_base_inst/gen_cdc_pntr.rd_pntr_cdc_inst 
  This will add unnecessary latency to the design. Please check the design for the following: 
 1) Manually instantiated XPM_CDC modules: AMD recommends that you remove these modules. 
 2) AMD IP that contains XPM_CDC modules: Verify the connections to the IP to determine whether you can safely ignore this message.
 [D:/XILINX/2025.1/Vivado/data/ip/xpm/xpm_cdc/tcl/xpm_cdc_gray.tcl:16]
WARNING: [XPM_CDC_GRAY: TCL-1000] The source and destination clocks are the same. 
     Instance: slave_i/axi_quad_spi_4/U0/NO_DUAL_QUAD_MODE.QSPI_NORMAL/QSPI_LEGACY_MD_GEN.QSPI_CORE_INTERFACE_I/FIFO_EXISTS.RX_FIFO_II/gnuram_async_fifo.xpm_fifo_base_inst/gen_cdc_pntr.wr_pntr_cdc_inst 
  This will add unnecessary latency to the design. Please check the design for the following: 
 1) Manually instantiated XPM_CDC modules: AMD recommends that you remove these modules. 
 2) AMD IP that contains XPM_CDC modules: Verify the connections to the IP to determine whether you can safely ignore this message.
 [D:/XILINX/2025.1/Vivado/data/ip/xpm/xpm_cdc/tcl/xpm_cdc_gray.tcl:16]
WARNING: [XPM_CDC_GRAY: TCL-1000] The source and destination clocks are the same. 
     Instance: slave_i/axi_quad_spi_4/U0/NO_DUAL_QUAD_MODE.QSPI_NORMAL/QSPI_LEGACY_MD_GEN.QSPI_CORE_INTERFACE_I/FIFO_EXISTS.RX_FIFO_II/gnuram_async_fifo.xpm_fifo_base_inst/gen_cdc_pntr.rd_pntr_cdc_inst 
  This will add unnecessary latency to the design. Please check the design for the following: 
 1) Manually instantiated XPM_CDC modules: AMD recommends that you remove these modules. 
 2) AMD IP that contains XPM_CDC modules: Verify the connections to the IP to determine whether you can safely ignore this message.
 [D:/XILINX/2025.1/Vivado/data/ip/xpm/xpm_cdc/tcl/xpm_cdc_gray.tcl:16]
WARNING: [XPM_CDC_GRAY: TCL-1000] The source and destination clocks are the same. 
     Instance: slave_i/axi_quad_spi_4/U0/NO_DUAL_QUAD_MODE.QSPI_NORMAL/QSPI_LEGACY_MD_GEN.QSPI_CORE_INTERFACE_I/FIFO_EXISTS.TX_FIFO_II/gnuram_async_fifo.xpm_fifo_base_inst/gen_cdc_pntr.wr_pntr_cdc_inst 
  This will add unnecessary latency to the design. Please check the design for the following: 
 1) Manually instantiated XPM_CDC modules: AMD recommends that you remove these modules. 
 2) AMD IP that contains XPM_CDC modules: Verify the connections to the IP to determine whether you can safely ignore this message.
 [D:/XILINX/2025.1/Vivado/data/ip/xpm/xpm_cdc/tcl/xpm_cdc_gray.tcl:16]
WARNING: [XPM_CDC_GRAY: TCL-1000] The source and destination clocks are the same. 
     Instance: slave_i/axi_quad_spi_4/U0/NO_DUAL_QUAD_MODE.QSPI_NORMAL/QSPI_LEGACY_MD_GEN.QSPI_CORE_INTERFACE_I/FIFO_EXISTS.TX_FIFO_II/gnuram_async_fifo.xpm_fifo_base_inst/gen_cdc_pntr.wr_pntr_cdc_dc_inst 
  This will add unnecessary latency to the design. Please check the design for the following: 
 1) Manually instantiated XPM_CDC modules: AMD recommends that you remove these modules. 
 2) AMD IP that contains XPM_CDC modules: Verify the connections to the IP to determine whether you can safely ignore this message.
 [D:/XILINX/2025.1/Vivado/data/ip/xpm/xpm_cdc/tcl/xpm_cdc_gray.tcl:16]
WARNING: [XPM_CDC_GRAY: TCL-1000] The source and destination clocks are the same. 
     Instance: slave_i/axi_quad_spi_4/U0/NO_DUAL_QUAD_MODE.QSPI_NORMAL/QSPI_LEGACY_MD_GEN.QSPI_CORE_INTERFACE_I/FIFO_EXISTS.RX_FIFO_II/gnuram_async_fifo.xpm_fifo_base_inst/gen_cdc_pntr.wr_pntr_cdc_dc_inst 
  This will add unnecessary latency to the design. Please check the design for the following: 
 1) Manually instantiated XPM_CDC modules: AMD recommends that you remove these modules. 
 2) AMD IP that contains XPM_CDC modules: Verify the connections to the IP to determine whether you can safely ignore this message.
 [D:/XILINX/2025.1/Vivado/data/ip/xpm/xpm_cdc/tcl/xpm_cdc_gray.tcl:16]
WARNING: [XPM_CDC_GRAY: TCL-1000] The source and destination clocks are the same. 
     Instance: slave_i/axi_quad_spi_4/U0/NO_DUAL_QUAD_MODE.QSPI_NORMAL/QSPI_LEGACY_MD_GEN.QSPI_CORE_INTERFACE_I/FIFO_EXISTS.TX_FIFO_II/gnuram_async_fifo.xpm_fifo_base_inst/gen_cdc_pntr.rd_pntr_cdc_dc_inst 
  This will add unnecessary latency to the design. Please check the design for the following: 
 1) Manually instantiated XPM_CDC modules: AMD recommends that you remove these modules. 
 2) AMD IP that contains XPM_CDC modules: Verify the connections to the IP to determine whether you can safely ignore this message.
 [D:/XILINX/2025.1/Vivado/data/ip/xpm/xpm_cdc/tcl/xpm_cdc_gray.tcl:16]
WARNING: [XPM_CDC_GRAY: TCL-1000] The source and destination clocks are the same. 
     Instance: slave_i/axi_quad_spi_4/U0/NO_DUAL_QUAD_MODE.QSPI_NORMAL/QSPI_LEGACY_MD_GEN.QSPI_CORE_INTERFACE_I/FIFO_EXISTS.RX_FIFO_II/gnuram_async_fifo.xpm_fifo_base_inst/gen_cdc_pntr.rd_pntr_cdc_dc_inst 
  This will add unnecessary latency to the design. Please check the design for the following: 
 1) Manually instantiated XPM_CDC modules: AMD recommends that you remove these modules. 
 2) AMD IP that contains XPM_CDC modules: Verify the connections to the IP to determine whether you can safely ignore this message.
 [D:/XILINX/2025.1/Vivado/data/ip/xpm/xpm_cdc/tcl/xpm_cdc_gray.tcl:16]
INFO: [Project 1-1714] 91 XPM XDC files have been applied to the design.
INFO: [Opt 31-138] Pushed 0 inverter(s) to 0 load pin(s).
Generating merged BMM file for the design top 'slave_wrapper'...
INFO: [Memdata 28-144] Successfully populated the BRAM INIT strings from the following elf files: c:/Users/dell 4/Downloads/project_1-20260907T101315Z-1-001/project_1.gen/sources_1/bd/slave/ip/slave_microblaze_0_0/data/mb_bootloop_le.elf 
Netlist sorting complete. Time (s): cpu = 00:00:00 ; elapsed = 00:00:00.010 . Memory (MB): peak = 1549.438 ; gain = 0.000
INFO: [Project 1-111] Unisim Transformation Summary:
  A total of 96 instances were transformed.
  LUT6_2 => LUT6_2 (LUT5, LUT6): 80 instances
  RAM32M => RAM32M (RAMD32(x6), RAMS32(x2)): 16 instances

40 Infos, 63 Warnings, 0 Critical Warnings and 0 Errors encountered.
link_design completed successfully
link_design: Time (s): cpu = 00:00:18 ; elapsed = 00:00:20 . Memory (MB): peak = 1549.438 ; gain = 1002.590
Command: opt_design
Attempting to get a license for feature 'Implementation' and/or device 'xc7a100t'
INFO: [Common 17-349] Got license for feature 'Implementation' and/or device 'xc7a100t'
Running DRC as a precondition to command opt_design

Starting DRC Task
INFO: [DRC 23-27] Running DRC with 2 threads
INFO: [Project 1-461] DRC finished with 0 Errors
INFO: [Project 1-462] Please refer to the DRC report (report_drc) for more information.

Time (s): cpu = 00:00:04 ; elapsed = 00:00:03 . Memory (MB): peak = 1549.438 ; gain = 0.000

Starting Cache Timing Information Task
INFO: [Timing 38-35] Done setting XDC timing constraints.
Ending Cache Timing Information Task | Checksum: 2255aa7ed

Time (s): cpu = 00:00:01 ; elapsed = 00:00:00.543 . Memory (MB): peak = 1549.438 ; gain = 0.000

Starting Logic Optimization Task

Phase 1 Initialization

Phase 1.1 Core Generation And Design Setup
Phase 1.1 Core Generation And Design Setup | Checksum: 2255aa7ed

Time (s): cpu = 00:00:00 ; elapsed = 00:00:00.024 . Memory (MB): peak = 1961.891 ; gain = 0.000

Phase 1.2 Setup Constraints And Sort Netlist
Phase 1.2 Setup Constraints And Sort Netlist | Checksum: 2255aa7ed

Time (s): cpu = 00:00:00 ; elapsed = 00:00:00.044 . Memory (MB): peak = 1961.891 ; gain = 0.000
Phase 1 Initialization | Checksum: 2255aa7ed

Time (s): cpu = 00:00:00 ; elapsed = 00:00:00.047 . Memory (MB): peak = 1961.891 ; gain = 0.000

Phase 2 Timer Update And Timing Data Collection

Phase 2.1 Timer Update
Phase 2.1 Timer Update | Checksum: 2255aa7ed

Time (s): cpu = 00:00:00 ; elapsed = 00:00:00.330 . Memory (MB): peak = 1961.891 ; gain = 0.000

Phase 2.2 Timing Data Collection
Phase 2.2 Timing Data Collection | Checksum: 2255aa7ed

Time (s): cpu = 00:00:00 ; elapsed = 00:00:00.378 . Memory (MB): peak = 1961.891 ; gain = 0.000
Phase 2 Timer Update And Timing Data Collection | Checksum: 2255aa7ed

Time (s): cpu = 00:00:00 ; elapsed = 00:00:00.381 . Memory (MB): peak = 1961.891 ; gain = 0.000

Phase 3 Retarget
INFO: [Opt 31-1851] Number of loadless carry chains removed were: 0
INFO: [Opt 31-1834] Total Chains To Be Transformed Were: 0 AND Number of Transformed insts Created are: 0
INFO: [Opt 31-1566] Pulled 19 inverters resulting in an inversion of 64 pins
INFO: [Opt 31-138] Pushed 4 inverter(s) to 7 load pin(s).
INFO: [Opt 31-49] Retargeted 0 cell(s).
Phase 3 Retarget | Checksum: 1e34320d8

Time (s): cpu = 00:00:01 ; elapsed = 00:00:00.771 . Memory (MB): peak = 1961.891 ; gain = 0.000
Retarget | Checksum: 1e34320d8
INFO: [Opt 31-389] Phase Retarget created 221 cells and removed 312 cells
INFO: [Opt 31-1021] In phase Retarget, 14 netlist objects are constrained preventing optimization. Please run opt_design with -debug_log to get more detail. 

Phase 4 Constant propagation
INFO: [Opt 31-138] Pushed 0 inverter(s) to 0 load pin(s).
Phase 4 Constant propagation | Checksum: 251f7926a

Time (s): cpu = 00:00:01 ; elapsed = 00:00:00.911 . Memory (MB): peak = 1961.891 ; gain = 0.000
Constant propagation | Checksum: 251f7926a
INFO: [Opt 31-389] Phase Constant propagation created 94 cells and removed 219 cells
INFO: [Opt 31-1021] In phase Constant propagation, 1 netlist objects are constrained preventing optimization. Please run opt_design with -debug_log to get more detail. 

Phase 5 Sweep
INFO: [Constraints 18-11670] Building netlist checker database with flags, 0x8
Done building netlist checker database: Time (s): cpu = 00:00:00 ; elapsed = 00:00:00.007 . Memory (MB): peak = 1961.891 ; gain = 0.000
INFO: [Constraints 18-11670] Building netlist checker database with flags, 0x8
Done building netlist checker database: Time (s): cpu = 00:00:00 ; elapsed = 00:00:00.007 . Memory (MB): peak = 1961.891 ; gain = 0.000
Phase 5 Sweep | Checksum: 1d408af46

Time (s): cpu = 00:00:02 ; elapsed = 00:00:01 . Memory (MB): peak = 1961.891 ; gain = 0.000
Sweep | Checksum: 1d408af46
INFO: [Opt 31-389] Phase Sweep created 0 cells and removed 140 cells
INFO: [Opt 31-1021] In phase Sweep, 6 netlist objects are constrained preventing optimization. Please run opt_design with -debug_log to get more detail. 

Phase 6 BUFG optimization
INFO: [Opt 31-194] Inserted BUFG slave_i/mdm_1/U0/Use_E2.BSCAN_I/Dbg_Update_0_BUFG_inst to drive 40 load(s) on clock net slave_i/mdm_1/U0/Use_E2.BSCAN_I/Dbg_Update_0_BUFG
INFO: [Opt 31-193] Inserted 1 BUFG(s) on clock nets
Phase 6 BUFG optimization | Checksum: 2501ed401

Time (s): cpu = 00:00:02 ; elapsed = 00:00:02 . Memory (MB): peak = 1961.891 ; gain = 0.000
BUFG optimization | Checksum: 2501ed401
INFO: [Opt 31-662] Phase BUFG optimization created 1 cells of which 1 are BUFGs and removed 0 cells.

Phase 7 Shift Register Optimization
INFO: [Opt 31-1064] SRL Remap converted 0 SRLs to 0 registers and converted 0 registers of register chains to 0 SRLs
Phase 7 Shift Register Optimization | Checksum: 2501ed401

Time (s): cpu = 00:00:02 ; elapsed = 00:00:02 . Memory (MB): peak = 1961.891 ; gain = 0.000
Shift Register Optimization | Checksum: 2501ed401
INFO: [Opt 31-389] Phase Shift Register Optimization created 0 cells and removed 0 cells

Phase 8 Post Processing Netlist
Phase 8 Post Processing Netlist | Checksum: 2501ed401

Time (s): cpu = 00:00:02 ; elapsed = 00:00:02 . Memory (MB): peak = 1961.891 ; gain = 0.000
Post Processing Netlist | Checksum: 2501ed401
INFO: [Opt 31-389] Phase Post Processing Netlist created 0 cells and removed 0 cells
INFO: [Opt 31-1021] In phase Post Processing Netlist, 1 netlist objects are constrained preventing optimization. Please run opt_design with -debug_log to get more detail. 

Phase 9 Finalization

Phase 9.1 Finalizing Design Cores and Updating Shapes
Phase 9.1 Finalizing Design Cores and Updating Shapes | Checksum: 169a24858

Time (s): cpu = 00:00:02 ; elapsed = 00:00:02 . Memory (MB): peak = 1961.891 ; gain = 0.000

Phase 9.2 Verifying Netlist Connectivity

Starting Connectivity Check Task

Time (s): cpu = 00:00:00 ; elapsed = 00:00:00.033 . Memory (MB): peak = 1961.891 ; gain = 0.000
Phase 9.2 Verifying Netlist Connectivity | Checksum: 169a24858

Time (s): cpu = 00:00:02 ; elapsed = 00:00:02 . Memory (MB): peak = 1961.891 ; gain = 0.000
Phase 9 Finalization | Checksum: 169a24858

Time (s): cpu = 00:00:02 ; elapsed = 00:00:02 . Memory (MB): peak = 1961.891 ; gain = 0.000
Opt_design Change Summary
=========================


-------------------------------------------------------------------------------------------------------------------------
|  Phase                        |  #Cells created  |  #Cells Removed  |  #Constrained objects preventing optimizations  |
-------------------------------------------------------------------------------------------------------------------------
|  Retarget                     |             221  |             312  |                                             14  |
|  Constant propagation         |              94  |             219  |                                              1  |
|  Sweep                        |               0  |             140  |                                              6  |
|  BUFG optimization            |               1  |               0  |                                              0  |
|  Shift Register Optimization  |               0  |               0  |                                              0  |
|  Post Processing Netlist      |               0  |               0  |                                              1  |
-------------------------------------------------------------------------------------------------------------------------


Ending Logic Optimization Task | Checksum: 169a24858

Time (s): cpu = 00:00:02 ; elapsed = 00:00:02 . Memory (MB): peak = 1961.891 ; gain = 0.000

Starting Power Optimization Task
INFO: [Pwropt 34-132] Skipping clock gating for clocks with a period < 2.00 ns.
INFO: [Timing 38-35] Done setting XDC timing constraints.
INFO: [Pwropt 34-9] Applying IDT optimizations ...
INFO: [Pwropt 34-10] Applying ODC optimizations ...
Running Vector-less Activity Propagation...

Finished Running Vector-less Activity Propagation


Starting PowerOpt Patch Enables Task
INFO: [Pwropt 34-162] WRITE_MODE attribute of 2 BRAM(s) out of a total of 14 has been updated to save power. Run report_power_opt to get a complete listing of the BRAMs updated.
INFO: [Pwropt 34-201] Structural ODC has moved 0 WE to EN ports
Number of BRAM Ports augmented: 2 newly gated: 0 Total Ports: 28
Ending PowerOpt Patch Enables Task | Checksum: 14ae169dd

Time (s): cpu = 00:00:00 ; elapsed = 00:00:00.113 . Memory (MB): peak = 2106.418 ; gain = 0.000
Ending Power Optimization Task | Checksum: 14ae169dd

Time (s): cpu = 00:00:08 ; elapsed = 00:00:04 . Memory (MB): peak = 2106.418 ; gain = 144.527

Starting Final Cleanup Task

Starting Logic Optimization Task
INFO: [Timing 38-35] Done setting XDC timing constraints.
Ending Logic Optimization Task | Checksum: 22c108990

Time (s): cpu = 00:00:01 ; elapsed = 00:00:01 . Memory (MB): peak = 2106.418 ; gain = 0.000
Ending Final Cleanup Task | Checksum: 22c108990

Time (s): cpu = 00:00:05 ; elapsed = 00:00:05 . Memory (MB): peak = 2106.418 ; gain = 0.000

Starting Netlist Obfuscation Task
Netlist sorting complete. Time (s): cpu = 00:00:00 ; elapsed = 00:00:00.012 . Memory (MB): peak = 2106.418 ; gain = 0.000
Ending Netlist Obfuscation Task | Checksum: 22c108990

Time (s): cpu = 00:00:00 ; elapsed = 00:00:00.015 . Memory (MB): peak = 2106.418 ; gain = 0.000
INFO: [Common 17-83] Releasing license: Implementation
74 Infos, 63 Warnings, 0 Critical Warnings and 0 Errors encountered.
opt_design completed successfully
opt_design: Time (s): cpu = 00:00:24 ; elapsed = 00:00:19 . Memory (MB): peak = 2106.418 ; gain = 556.980
INFO: [Vivado 12-24828] Executing command : report_drc -file slave_wrapper_drc_opted.rpt -pb slave_wrapper_drc_opted.pb -rpx slave_wrapper_drc_opted.rpx
Command: report_drc -file slave_wrapper_drc_opted.rpt -pb slave_wrapper_drc_opted.pb -rpx slave_wrapper_drc_opted.rpx
INFO: [IP_Flow 19-1839] IP Catalog is up to date.
INFO: [DRC 23-27] Running DRC with 2 threads
INFO: [Vivado_Tcl 2-168] The results of DRC are in file C:/Users/dell 4/Downloads/project_1-20260907T101315Z-1-001/project_1.runs/impl_1/slave_wrapper_drc_opted.rpt.
report_drc completed successfully
INFO: [Timing 38-35] Done setting XDC timing constraints.
INFO: [Timing 38-480] Writing timing data to binary archive.
Wrote PlaceDB: Time (s): cpu = 00:00:00 ; elapsed = 00:00:00.003 . Memory (MB): peak = 2106.418 ; gain = 0.000
Wrote PulsedLatchDB: Time (s): cpu = 00:00:00 ; elapsed = 00:00:00 . Memory (MB): peak = 2106.418 ; gain = 0.000
Writing XDEF routing.
Writing XDEF routing logical nets.
Write ShapeDB Complete: Time (s): cpu = 00:00:00 ; elapsed = 00:00:00.044 . Memory (MB): peak = 2106.418 ; gain = 0.000
Writing XDEF routing special nets.
Wrote RouteStorage: Time (s): cpu = 00:00:00 ; elapsed = 00:00:00.046 . Memory (MB): peak = 2106.418 ; gain = 0.000
Wrote Netlist Cache: Time (s): cpu = 00:00:00 ; elapsed = 00:00:00.001 . Memory (MB): peak = 2106.418 ; gain = 0.000
Wrote Device Cache: Time (s): cpu = 00:00:00 ; elapsed = 00:00:00.013 . Memory (MB): peak = 2106.418 ; gain = 0.000
Write Physdb Complete: Time (s): cpu = 00:00:00 ; elapsed = 00:00:00.073 . Memory (MB): peak = 2106.418 ; gain = 0.000
INFO: [Common 17-1381] The checkpoint 'C:/Users/dell 4/Downloads/project_1-20260907T101315Z-1-001/project_1.runs/impl_1/slave_wrapper_opt.dcp' has been generated.
Command: place_design
Attempting to get a license for feature 'Implementation' and/or device 'xc7a100t'
INFO: [Common 17-349] Got license for feature 'Implementation' and/or device 'xc7a100t'
INFO: [Common 17-83] Releasing license: Implementation
INFO: [DRC 23-27] Running DRC with 2 threads
INFO: [Vivado_Tcl 4-198] DRC finished with 0 Errors
INFO: [Vivado_Tcl 4-199] Please refer to the DRC report (report_drc) for more information.
Running DRC as a precondition to command place_design
INFO: [DRC 23-27] Running DRC with 2 threads
INFO: [Vivado_Tcl 4-198] DRC finished with 0 Errors
INFO: [Vivado_Tcl 4-199] Please refer to the DRC report (report_drc) for more information.
INFO: [Place 30-611] Multithreading enabled for place_design using a maximum of 2 CPUs

Starting Placer Task

Phase 1 Placer Initialization

Phase 1.1 Placer Initialization Netlist Sorting
Netlist sorting complete. Time (s): cpu = 00:00:00 ; elapsed = 00:00:00.012 . Memory (MB): peak = 2106.418 ; gain = 0.000
Phase 1.1 Placer Initialization Netlist Sorting | Checksum: 138711eb4

Time (s): cpu = 00:00:00 ; elapsed = 00:00:00.021 . Memory (MB): peak = 2106.418 ; gain = 0.000
Netlist sorting complete. Time (s): cpu = 00:00:00 ; elapsed = 00:00:00.012 . Memory (MB): peak = 2106.418 ; gain = 0.000

Phase 1.2 IO Placement/ Clock Placement/ Build Placer Device
Phase 1.2 IO Placement/ Clock Placement/ Build Placer Device | Checksum: 1ce28fb41

Time (s): cpu = 00:00:01 ; elapsed = 00:00:00.972 . Memory (MB): peak = 2106.418 ; gain = 0.000

Phase 1.3 Build Placer Netlist Model
Phase 1.3 Build Placer Netlist Model | Checksum: 212969d05

Time (s): cpu = 00:00:05 ; elapsed = 00:00:04 . Memory (MB): peak = 2106.418 ; gain = 0.000

Phase 1.4 Constrain Clocks/Macros
Phase 1.4 Constrain Clocks/Macros | Checksum: 212969d05

Time (s): cpu = 00:00:05 ; elapsed = 00:00:04 . Memory (MB): peak = 2106.418 ; gain = 0.000
Phase 1 Placer Initialization | Checksum: 212969d05

Time (s): cpu = 00:00:05 ; elapsed = 00:00:04 . Memory (MB): peak = 2106.418 ; gain = 0.000

Phase 2 Global Placement

Phase 2.1 Floorplanning
Phase 2.1 Floorplanning | Checksum: 23df89d63

Time (s): cpu = 00:00:06 ; elapsed = 00:00:04 . Memory (MB): peak = 2106.418 ; gain = 0.000

Phase 2.2 Update Timing before SLR Path Opt
Phase 2.2 Update Timing before SLR Path Opt | Checksum: 210ec882b

Time (s): cpu = 00:00:07 ; elapsed = 00:00:05 . Memory (MB): peak = 2106.418 ; gain = 0.000

Phase 2.3 Post-Processing in Floorplanning
Phase 2.3 Post-Processing in Floorplanning | Checksum: 210ec882b

Time (s): cpu = 00:00:07 ; elapsed = 00:00:05 . Memory (MB): peak = 2106.418 ; gain = 0.000

Phase 2.4 Global Place Phase1
Phase 2.4 Global Place Phase1 | Checksum: 1ef405ed4

Time (s): cpu = 00:00:16 ; elapsed = 00:00:11 . Memory (MB): peak = 2106.418 ; gain = 0.000

Phase 2.5 Global Place Phase2

Phase 2.5.1 UpdateTiming Before Physical Synthesis
Phase 2.5.1 UpdateTiming Before Physical Synthesis | Checksum: 1ef405ed4

Time (s): cpu = 00:00:17 ; elapsed = 00:00:11 . Memory (MB): peak = 2106.418 ; gain = 0.000

Phase 2.5.2 Physical Synthesis In Placer
INFO: [Physopt 32-1035] Found 0 LUTNM shape to break, 345 LUT instances to create LUTNM shape
INFO: [Physopt 32-1044] Break lutnm for timing: one critical 0, two critical 0, total 0, new lutff created 0
INFO: [Physopt 32-1138] End 1 Pass. Optimized 145 nets or LUTs. Breaked 0 LUT, combined 145 existing LUTs and moved 0 existing LUT
INFO: [Physopt 32-65] No nets found for high-fanout optimization.
INFO: [Physopt 32-232] Optimized 0 net. Created 0 new instance.
INFO: [Physopt 32-775] End 1 Pass. Optimized 0 net or cell. Created 0 new cell, deleted 0 existing cell and moved 0 existing cell
INFO: [Physopt 32-670] No setup violation found.  DSP Register Optimization was not performed.
INFO: [Physopt 32-670] No setup violation found.  Shift Register to Pipeline Optimization was not performed.
INFO: [Physopt 32-670] No setup violation found.  Shift Register Optimization was not performed.
INFO: [Physopt 32-670] No setup violation found.  BRAM Register Optimization was not performed.
INFO: [Physopt 32-670] No setup violation found.  URAM Register Optimization was not performed.
INFO: [Physopt 32-949] No candidate nets found for dynamic/static region interface net replication
INFO: [Physopt 32-775] End 1 Pass. Optimized 0 net or cell. Created 0 new cell, deleted 0 existing cell and moved 0 existing cell
Netlist sorting complete. Time (s): cpu = 00:00:00 ; elapsed = 00:00:00.012 . Memory (MB): peak = 2106.418 ; gain = 0.000

Summary of Physical Synthesis Optimizations
============================================


-----------------------------------------------------------------------------------------------------------------------------------------------------------
|  Optimization                                     |  Added Cells  |  Removed Cells  |  Optimized Cells/Nets  |  Dont Touch  |  Iterations  |  Elapsed   |
-----------------------------------------------------------------------------------------------------------------------------------------------------------
|  LUT Combining                                    |            0  |            145  |                   145  |           0  |           1  |  00:00:00  |
|  Retime                                           |            0  |              0  |                     0  |           0  |           1  |  00:00:00  |
|  Very High Fanout                                 |            0  |              0  |                     0  |           0  |           1  |  00:00:00  |
|  DSP Register                                     |            0  |              0  |                     0  |           0  |           0  |  00:00:00  |
|  Shift Register to Pipeline                       |            0  |              0  |                     0  |           0  |           0  |  00:00:00  |
|  Shift Register                                   |            0  |              0  |                     0  |           0  |           0  |  00:00:00  |
|  BRAM Register                                    |            0  |              0  |                     0  |           0  |           0  |  00:00:00  |
|  URAM Register                                    |            0  |              0  |                     0  |           0  |           0  |  00:00:00  |
|  Dynamic/Static Region Interface Net Replication  |            0  |              0  |                     0  |           0  |           1  |  00:00:00  |
|  Total                                            |            0  |            145  |                   145  |           0  |           4  |  00:00:00  |
-----------------------------------------------------------------------------------------------------------------------------------------------------------


Phase 2.5.2 Physical Synthesis In Placer | Checksum: 16032d2ed

Time (s): cpu = 00:00:19 ; elapsed = 00:00:13 . Memory (MB): peak = 2106.418 ; gain = 0.000
Phase 2.5 Global Place Phase2 | Checksum: 1e9782eaf

Time (s): cpu = 00:00:20 ; elapsed = 00:00:13 . Memory (MB): peak = 2106.418 ; gain = 0.000
Phase 2 Global Placement | Checksum: 1e9782eaf

Time (s): cpu = 00:00:20 ; elapsed = 00:00:13 . Memory (MB): peak = 2106.418 ; gain = 0.000

Phase 3 Detail Placement

Phase 3.1 Commit Multi Column Macros
Phase 3.1 Commit Multi Column Macros | Checksum: 187470523

Time (s): cpu = 00:00:21 ; elapsed = 00:00:14 . Memory (MB): peak = 2106.418 ; gain = 0.000

Phase 3.2 Commit Most Macros & LUTRAMs
Phase 3.2 Commit Most Macros & LUTRAMs | Checksum: 1a020588f

Time (s): cpu = 00:00:23 ; elapsed = 00:00:15 . Memory (MB): peak = 2106.418 ; gain = 0.000

Phase 3.3 Area Swap Optimization
Phase 3.3 Area Swap Optimization | Checksum: 1d99c735d

Time (s): cpu = 00:00:23 ; elapsed = 00:00:15 . Memory (MB): peak = 2106.418 ; gain = 0.000

Phase 3.4 Pipeline Register Optimization
Phase 3.4 Pipeline Register Optimization | Checksum: 240b80fea

Time (s): cpu = 00:00:23 ; elapsed = 00:00:15 . Memory (MB): peak = 2106.418 ; gain = 0.000

Phase 3.5 Small Shape Detail Placement
Phase 3.5 Small Shape Detail Placement | Checksum: 1bbe200ba

Time (s): cpu = 00:00:27 ; elapsed = 00:00:19 . Memory (MB): peak = 2106.418 ; gain = 0.000

Phase 3.6 Re-assign LUT pins
Phase 3.6 Re-assign LUT pins | Checksum: 1c6d30821

Time (s): cpu = 00:00:27 ; elapsed = 00:00:20 . Memory (MB): peak = 2106.418 ; gain = 0.000

Phase 3.7 Pipeline Register Optimization
Phase 3.7 Pipeline Register Optimization | Checksum: 227c6c6b0

Time (s): cpu = 00:00:28 ; elapsed = 00:00:20 . Memory (MB): peak = 2106.418 ; gain = 0.000
Phase 3 Detail Placement | Checksum: 227c6c6b0

Time (s): cpu = 00:00:28 ; elapsed = 00:00:20 . Memory (MB): peak = 2106.418 ; gain = 0.000

Phase 4 Post Placement Optimization and Clean-Up

Phase 4.1 Post Commit Optimization
INFO: [Timing 38-35] Done setting XDC timing constraints.

Phase 4.1.1 Post Placement Optimization
Post Placement Optimization Initialization | Checksum: 25b903556

Phase 4.1.1.1 BUFG Insertion

Starting Physical Synthesis Task

Phase 1 Physical Synthesis Initialization
INFO: [Physopt 32-721] Multithreading enabled for phys_opt_design using a maximum of 2 CPUs
INFO: [Physopt 32-619] Estimated Timing Summary | WNS=2.202 | TNS=0.000 |
Phase 1 Physical Synthesis Initialization | Checksum: 22b2f6251

Time (s): cpu = 00:00:01 ; elapsed = 00:00:00.262 . Memory (MB): peak = 2106.418 ; gain = 0.000
INFO: [Place 46-56] BUFG insertion identified 0 candidate nets. Inserted BUFG: 0, Replicated BUFG Driver: 0, Skipped due to Placement/Routing Conflicts: 0, Skipped due to Timing Degradation: 0, Skipped due to netlist editing failed: 0.
Ending Physical Synthesis Task | Checksum: 268d7222a

Time (s): cpu = 00:00:01 ; elapsed = 00:00:00.363 . Memory (MB): peak = 2106.418 ; gain = 0.000
Phase 4.1.1.1 BUFG Insertion | Checksum: 25b903556

Time (s): cpu = 00:00:32 ; elapsed = 00:00:22 . Memory (MB): peak = 2106.418 ; gain = 0.000

Phase 4.1.1.2 Post Placement Timing Optimization
INFO: [Place 30-746] Post Placement Timing Summary WNS=2.202. For the most accurate timing information please run report_timing.
Phase 4.1.1.2 Post Placement Timing Optimization | Checksum: 1d216f4a5

Time (s): cpu = 00:00:32 ; elapsed = 00:00:23 . Memory (MB): peak = 2106.418 ; gain = 0.000

Time (s): cpu = 00:00:32 ; elapsed = 00:00:23 . Memory (MB): peak = 2106.418 ; gain = 0.000
Phase 4.1 Post Commit Optimization | Checksum: 1d216f4a5

Time (s): cpu = 00:00:32 ; elapsed = 00:00:23 . Memory (MB): peak = 2106.418 ; gain = 0.000

Phase 4.2 Post Placement Cleanup
Phase 4.2 Post Placement Cleanup | Checksum: 1d216f4a5

Time (s): cpu = 00:00:33 ; elapsed = 00:00:23 . Memory (MB): peak = 2106.418 ; gain = 0.000

Phase 4.3 Placer Reporting

Phase 4.3.1 Print Estimated Congestion
INFO: [Place 30-612] Post-Placement Estimated Congestion 
 ____________________________________________________
|           | Global Congestion | Short Congestion  |
| Direction | Region Size       | Region Size       |
|___________|___________________|___________________|
|      North|                1x1|                1x1|
|___________|___________________|___________________|
|      South|                1x1|                1x1|
|___________|___________________|___________________|
|       East|                1x1|                1x1|
|___________|___________________|___________________|
|       West|                1x1|                1x1|
|___________|___________________|___________________|

Phase 4.3.1 Print Estimated Congestion | Checksum: 1d216f4a5

Time (s): cpu = 00:00:33 ; elapsed = 00:00:23 . Memory (MB): peak = 2106.418 ; gain = 0.000
Phase 4.3 Placer Reporting | Checksum: 1d216f4a5

Time (s): cpu = 00:00:33 ; elapsed = 00:00:23 . Memory (MB): peak = 2106.418 ; gain = 0.000

Phase 4.4 Final Placement Cleanup
Netlist sorting complete. Time (s): cpu = 00:00:00 ; elapsed = 00:00:00.013 . Memory (MB): peak = 2106.418 ; gain = 0.000

Time (s): cpu = 00:00:33 ; elapsed = 00:00:23 . Memory (MB): peak = 2106.418 ; gain = 0.000
Phase 4 Post Placement Optimization and Clean-Up | Checksum: 1a0fab0dd

Time (s): cpu = 00:00:33 ; elapsed = 00:00:23 . Memory (MB): peak = 2106.418 ; gain = 0.000
Ending Placer Task | Checksum: 1441b7386

Time (s): cpu = 00:00:33 ; elapsed = 00:00:23 . Memory (MB): peak = 2106.418 ; gain = 0.000
109 Infos, 63 Warnings, 0 Critical Warnings and 0 Errors encountered.
place_design completed successfully
place_design: Time (s): cpu = 00:00:39 ; elapsed = 00:00:26 . Memory (MB): peak = 2106.418 ; gain = 0.000
INFO: [Vivado 12-24838] Running report commands "report_control_sets, report_io, report_utilization" in parallel.
Running report generation with 2 threads.
INFO: [Vivado 12-24828] Executing command : report_io -file slave_wrapper_io_placed.rpt
report_io: Time (s): cpu = 00:00:00 ; elapsed = 00:00:00.068 . Memory (MB): peak = 2106.418 ; gain = 0.000
INFO: [Vivado 12-24828] Executing command : report_control_sets -verbose -file slave_wrapper_control_sets_placed.rpt
report_control_sets: Time (s): cpu = 00:00:00 ; elapsed = 00:00:00.052 . Memory (MB): peak = 2106.418 ; gain = 0.000
INFO: [Vivado 12-24828] Executing command : report_utilization -file slave_wrapper_utilization_placed.rpt -pb slave_wrapper_utilization_placed.pb
INFO: [Timing 38-480] Writing timing data to binary archive.
Write ShapeDB Complete: Time (s): cpu = 00:00:00 ; elapsed = 00:00:00.081 . Memory (MB): peak = 2106.418 ; gain = 0.000
Wrote PlaceDB: Time (s): cpu = 00:00:03 ; elapsed = 00:00:01 . Memory (MB): peak = 2106.418 ; gain = 0.000
Wrote PulsedLatchDB: Time (s): cpu = 00:00:00 ; elapsed = 00:00:00 . Memory (MB): peak = 2106.418 ; gain = 0.000
Writing XDEF routing.
Writing XDEF routing logical nets.
Writing XDEF routing special nets.
Wrote RouteStorage: Time (s): cpu = 00:00:00 ; elapsed = 00:00:00.047 . Memory (MB): peak = 2106.418 ; gain = 0.000
Wrote Netlist Cache: Time (s): cpu = 00:00:00 ; elapsed = 00:00:00.019 . Memory (MB): peak = 2106.418 ; gain = 0.000
Wrote Device Cache: Time (s): cpu = 00:00:00 ; elapsed = 00:00:00.008 . Memory (MB): peak = 2106.418 ; gain = 0.000
Write Physdb Complete: Time (s): cpu = 00:00:03 ; elapsed = 00:00:01 . Memory (MB): peak = 2106.418 ; gain = 0.000
INFO: [Common 17-1381] The checkpoint 'C:/Users/dell 4/Downloads/project_1-20260907T101315Z-1-001/project_1.runs/impl_1/slave_wrapper_placed.dcp' has been generated.
Command: phys_opt_design
Attempting to get a license for feature 'Implementation' and/or device 'xc7a100t'
INFO: [Common 17-349] Got license for feature 'Implementation' and/or device 'xc7a100t'

Starting Initial Update Timing Task

Time (s): cpu = 00:00:03 ; elapsed = 00:00:02 . Memory (MB): peak = 2106.418 ; gain = 0.000
INFO: [Vivado_Tcl 4-2279] Estimated Timing Summary | WNS= 2.202 | TNS= 0.000 | 
INFO: [Vivado_Tcl 4-383] Design worst setup slack (WNS) is greater than or equal to 0.000 ns. All physical synthesis setup optimizations will be skipped.
INFO: [Vivado_Tcl 4-232] No setup violation found. The netlist was not modified.
INFO: [Common 17-83] Releasing license: Implementation
120 Infos, 63 Warnings, 0 Critical Warnings and 0 Errors encountered.
phys_opt_design completed successfully
INFO: [Timing 38-480] Writing timing data to binary archive.
Write ShapeDB Complete: Time (s): cpu = 00:00:00 ; elapsed = 00:00:00.059 . Memory (MB): peak = 2130.238 ; gain = 9.797
Wrote PlaceDB: Time (s): cpu = 00:00:03 ; elapsed = 00:00:01 . Memory (MB): peak = 2136.801 ; gain = 16.359
Wrote PulsedLatchDB: Time (s): cpu = 00:00:00 ; elapsed = 00:00:00 . Memory (MB): peak = 2136.801 ; gain = 0.000
Writing XDEF routing.
Writing XDEF routing logical nets.
Writing XDEF routing special nets.
Wrote RouteStorage: Time (s): cpu = 00:00:00 ; elapsed = 00:00:00.050 . Memory (MB): peak = 2136.801 ; gain = 0.000
Wrote Netlist Cache: Time (s): cpu = 00:00:00 ; elapsed = 00:00:00.033 . Memory (MB): peak = 2136.801 ; gain = 0.000
Wrote Device Cache: Time (s): cpu = 00:00:00 ; elapsed = 00:00:00.008 . Memory (MB): peak = 2136.801 ; gain = 0.000
Write Physdb Complete: Time (s): cpu = 00:00:03 ; elapsed = 00:00:01 . Memory (MB): peak = 2136.801 ; gain = 16.359
INFO: [Common 17-1381] The checkpoint 'C:/Users/dell 4/Downloads/project_1-20260907T101315Z-1-001/project_1.runs/impl_1/slave_wrapper_physopt.dcp' has been generated.
Command: route_design
Attempting to get a license for feature 'Implementation' and/or device 'xc7a100t'
INFO: [Common 17-349] Got license for feature 'Implementation' and/or device 'xc7a100t'


Starting Routing Task
INFO: [Route 35-254] Multithreading enabled for route_design using a maximum of 2 CPUs

Phase 1 Build RT Design
Checksum: PlaceDB: 722dde4b ConstDB: 0 ShapeSum: 201b35a5 RouteDB: b1d25f96
Post Restoration Checksum: NetGraph: 77f4a055 | NumContArr: bcd74b20 | Constraints: c2a8fa9d | Timing: c2a8fa9d
Phase 1 Build RT Design | Checksum: 2ba1de0af

Time (s): cpu = 00:00:50 ; elapsed = 00:00:44 . Memory (MB): peak = 2220.590 ; gain = 83.789

Phase 2 Router Initialization

Phase 2.1 Fix Topology Constraints
Phase 2.1 Fix Topology Constraints | Checksum: 2ba1de0af

Time (s): cpu = 00:00:50 ; elapsed = 00:00:45 . Memory (MB): peak = 2220.590 ; gain = 83.789

Phase 2.2 Pre Route Cleanup
Phase 2.2 Pre Route Cleanup | Checksum: 2ba1de0af

Time (s): cpu = 00:00:50 ; elapsed = 00:00:45 . Memory (MB): peak = 2220.590 ; gain = 83.789
 Number of Nodes with overlaps = 0

Phase 2.3 Update Timing
Phase 2.3 Update Timing | Checksum: 1a674ebdc

Time (s): cpu = 00:00:56 ; elapsed = 00:00:48 . Memory (MB): peak = 2267.363 ; gain = 130.562
INFO: [Route 35-416] Intermediate Timing Summary | WNS=2.300  | TNS=0.000  | WHS=-0.359 | THS=-224.465|


Phase 2.4 Soft Constraint Pins - Fast Budgeting
Phase 2.4 Soft Constraint Pins - Fast Budgeting | Checksum: 1d0f6e6f1

Time (s): cpu = 00:00:58 ; elapsed = 00:00:49 . Memory (MB): peak = 2291.453 ; gain = 154.652

Router Utilization Summary
  Global Vertical Routing Utilization    = 0.00182791 %
  Global Horizontal Routing Utilization  = 0.00206024 %
  Routable Net Status*
  *Does not include unroutable nets such as driverless and loadless.
  Run report_route_status for detailed report.
  Number of Failed Nets               = 10230
    (Failed Nets is the sum of unrouted and partially routed nets)
  Number of Unrouted Nets             = 10230
  Number of Partially Routed Nets     = 0
  Number of Node Overlaps             = 0

Phase 2 Router Initialization | Checksum: 11f9dfd77

Time (s): cpu = 00:00:59 ; elapsed = 00:00:50 . Memory (MB): peak = 2291.453 ; gain = 154.652

Phase 3 Global Routing
Phase 3 Global Routing | Checksum: 11f9dfd77

Time (s): cpu = 00:00:59 ; elapsed = 00:00:50 . Memory (MB): peak = 2291.453 ; gain = 154.652

Phase 4 Initial Routing

Phase 4.1 Initial Net Routing Pass
Phase 4.1 Initial Net Routing Pass | Checksum: 24ad1d8db

Time (s): cpu = 00:01:04 ; elapsed = 00:00:52 . Memory (MB): peak = 2291.453 ; gain = 154.652
Phase 4 Initial Routing | Checksum: 24ad1d8db

Time (s): cpu = 00:01:04 ; elapsed = 00:00:52 . Memory (MB): peak = 2291.453 ; gain = 154.652

Phase 5 Rip-up And Reroute

Phase 5.1 Global Iteration 0
 Number of Nodes with overlaps = 849
 Number of Nodes with overlaps = 55
 Number of Nodes with overlaps = 10
 Number of Nodes with overlaps = 2
 Number of Nodes with overlaps = 2
 Number of Nodes with overlaps = 1
 Number of Nodes with overlaps = 0
INFO: [Route 35-416] Intermediate Timing Summary | WNS=2.093  | TNS=0.000  | WHS=N/A    | THS=N/A    |

Phase 5.1 Global Iteration 0 | Checksum: 21381c5f0

Time (s): cpu = 00:01:13 ; elapsed = 00:00:59 . Memory (MB): peak = 2291.453 ; gain = 154.652

Phase 5.2 Global Iteration 1
 Number of Nodes with overlaps = 3
 Number of Nodes with overlaps = 0
INFO: [Route 35-416] Intermediate Timing Summary | WNS=2.093  | TNS=0.000  | WHS=N/A    | THS=N/A    |

Phase 5.2 Global Iteration 1 | Checksum: 1b036833d

Time (s): cpu = 00:01:14 ; elapsed = 00:00:59 . Memory (MB): peak = 2291.453 ; gain = 154.652
Phase 5 Rip-up And Reroute | Checksum: 1b036833d

Time (s): cpu = 00:01:14 ; elapsed = 00:00:59 . Memory (MB): peak = 2291.453 ; gain = 154.652

Phase 6 Delay and Skew Optimization

Phase 6.1 Delay CleanUp
Phase 6.1 Delay CleanUp | Checksum: 1b036833d

Time (s): cpu = 00:01:14 ; elapsed = 00:00:59 . Memory (MB): peak = 2291.453 ; gain = 154.652

Phase 6.2 Clock Skew Optimization
Phase 6.2 Clock Skew Optimization | Checksum: 1b036833d

Time (s): cpu = 00:01:14 ; elapsed = 00:00:59 . Memory (MB): peak = 2291.453 ; gain = 154.652
Phase 6 Delay and Skew Optimization | Checksum: 1b036833d

Time (s): cpu = 00:01:14 ; elapsed = 00:00:59 . Memory (MB): peak = 2291.453 ; gain = 154.652

Phase 7 Post Hold Fix

Phase 7.1 Hold Fix Iter
INFO: [Route 35-416] Intermediate Timing Summary | WNS=2.101  | TNS=0.000  | WHS=0.037  | THS=0.000  |

Phase 7.1 Hold Fix Iter | Checksum: 1fbaf47e9

Time (s): cpu = 00:01:15 ; elapsed = 00:01:00 . Memory (MB): peak = 2291.453 ; gain = 154.652
Phase 7 Post Hold Fix | Checksum: 1fbaf47e9

Time (s): cpu = 00:01:15 ; elapsed = 00:01:00 . Memory (MB): peak = 2291.453 ; gain = 154.652

Phase 8 Route finalize

Router Utilization Summary
  Global Vertical Routing Utilization    = 1.31336 %
  Global Horizontal Routing Utilization  = 1.82708 %
  Routable Net Status*
  *Does not include unroutable nets such as driverless and loadless.
  Run report_route_status for detailed report.
  Number of Failed Nets               = 0
    (Failed Nets is the sum of unrouted and partially routed nets)
  Number of Unrouted Nets             = 0
  Number of Partially Routed Nets     = 0
  Number of Node Overlaps             = 0

Phase 8 Route finalize | Checksum: 1fbaf47e9

Time (s): cpu = 00:01:15 ; elapsed = 00:01:00 . Memory (MB): peak = 2291.453 ; gain = 154.652

Phase 9 Verifying routed nets

 Verification completed successfully
Phase 9 Verifying routed nets | Checksum: 1fbaf47e9

Time (s): cpu = 00:01:15 ; elapsed = 00:01:00 . Memory (MB): peak = 2291.453 ; gain = 154.652

Phase 10 Depositing Routes
Phase 10 Depositing Routes | Checksum: 1dba204cd

Time (s): cpu = 00:01:16 ; elapsed = 00:01:01 . Memory (MB): peak = 2291.453 ; gain = 154.652

Phase 11 Post Process Routing
Phase 11 Post Process Routing | Checksum: 1dba204cd

Time (s): cpu = 00:01:16 ; elapsed = 00:01:01 . Memory (MB): peak = 2291.453 ; gain = 154.652

Phase 12 Post Router Timing
INFO: [Route 35-57] Estimated Timing Summary | WNS=2.101  | TNS=0.000  | WHS=0.037  | THS=0.000  |

INFO: [Route 35-327] The final timing numbers are based on the router estimated timing analysis. For a complete and accurate timing signoff, please run report_timing_summary.
Phase 12 Post Router Timing | Checksum: 1dba204cd

Time (s): cpu = 00:01:16 ; elapsed = 00:01:01 . Memory (MB): peak = 2291.453 ; gain = 154.652
Total Elapsed time in route_design: 61.101 secs

Phase 13 Post-Route Event Processing
Phase 13 Post-Route Event Processing | Checksum: 18f9eb6c2

Time (s): cpu = 00:01:16 ; elapsed = 00:01:01 . Memory (MB): peak = 2291.453 ; gain = 154.652
INFO: [Route 35-16] Router Completed Successfully
Ending Routing Task | Checksum: 18f9eb6c2

Time (s): cpu = 00:01:17 ; elapsed = 00:01:01 . Memory (MB): peak = 2291.453 ; gain = 154.652

Routing Is Done.
INFO: [Common 17-83] Releasing license: Implementation
132 Infos, 63 Warnings, 0 Critical Warnings and 0 Errors encountered.
route_design completed successfully
route_design: Time (s): cpu = 00:01:17 ; elapsed = 00:01:02 . Memory (MB): peak = 2291.453 ; gain = 154.652
INFO: [Vivado 12-24828] Executing command : report_drc -file slave_wrapper_drc_routed.rpt -pb slave_wrapper_drc_routed.pb -rpx slave_wrapper_drc_routed.rpx
Command: report_drc -file slave_wrapper_drc_routed.rpt -pb slave_wrapper_drc_routed.pb -rpx slave_wrapper_drc_routed.rpx
INFO: [IP_Flow 19-1839] IP Catalog is up to date.
INFO: [DRC 23-27] Running DRC with 2 threads
INFO: [Vivado_Tcl 2-168] The results of DRC are in file C:/Users/dell 4/Downloads/project_1-20260907T101315Z-1-001/project_1.runs/impl_1/slave_wrapper_drc_routed.rpt.
report_drc completed successfully
report_drc: Time (s): cpu = 00:00:11 ; elapsed = 00:00:06 . Memory (MB): peak = 2303.891 ; gain = 12.438
INFO: [Vivado 12-24828] Executing command : report_methodology -file slave_wrapper_methodology_drc_routed.rpt -pb slave_wrapper_methodology_drc_routed.pb -rpx slave_wrapper_methodology_drc_routed.rpx
Command: report_methodology -file slave_wrapper_methodology_drc_routed.rpt -pb slave_wrapper_methodology_drc_routed.pb -rpx slave_wrapper_methodology_drc_routed.rpx
INFO: [Timing 38-35] Done setting XDC timing constraints.
INFO: [DRC 23-133] Running Methodology with 2 threads
INFO: [Vivado_Tcl 2-1520] The results of Report Methodology are in file C:/Users/dell 4/Downloads/project_1-20260907T101315Z-1-001/project_1.runs/impl_1/slave_wrapper_methodology_drc_routed.rpt.
report_methodology completed successfully
report_drc: Time (s): cpu = 00:00:15 ; elapsed = 00:00:08 . Memory (MB): peak = 2325.988 ; gain = 22.098
INFO: [Vivado 12-24828] Executing command : report_timing_summary -max_paths 10 -routable_nets -report_unconstrained -file slave_wrapper_timing_summary_routed.rpt -pb slave_wrapper_timing_summary_routed.pb -rpx slave_wrapper_timing_summary_routed.rpx -warn_on_violation 
INFO: [Timing 38-35] Done setting XDC timing constraints.
INFO: [Timing 38-91] UpdateTimingParams: Speed grade: -1, Delay Type: min_max.
INFO: [Timing 38-191] Multithreading enabled for timing update using a maximum of 2 CPUs
INFO: [Vivado 12-24838] Running report commands "report_incremental_reuse, report_route_status" in parallel.
Running report generation with 2 threads.
INFO: [Vivado 12-24828] Executing command : report_incremental_reuse -file slave_wrapper_incremental_reuse_routed.rpt
INFO: [Vivado_Tcl 4-1062] Incremental flow is disabled. No incremental reuse Info to report.
INFO: [Vivado 12-24828] Executing command : report_route_status -file slave_wrapper_route_status.rpt -pb slave_wrapper_route_status.pb
INFO: [Vivado 12-24828] Executing command : report_power -file slave_wrapper_power_routed.rpt -pb slave_wrapper_power_summary_routed.pb -rpx slave_wrapper_power_routed.rpx
Command: report_power -file slave_wrapper_power_routed.rpt -pb slave_wrapper_power_summary_routed.pb -rpx slave_wrapper_power_routed.rpx
Running Vector-less Activity Propagation...

Finished Running Vector-less Activity Propagation
WARNING: [Power 33-332] Found switching activity that implies high-fanout reset nets being asserted for excessive periods of time which may result in inaccurate power analysis.
Resolution: To review and fix problems, please run Power Constraints Advisor in the GUI from Tools > Power Constraints Advisor or run report_power with the -advisory option to generate a text report.
149 Infos, 64 Warnings, 0 Critical Warnings and 0 Errors encountered.
report_power completed successfully
INFO: [Vivado 12-24828] Executing command : report_clock_utilization -file slave_wrapper_clock_utilization_routed.rpt
INFO: [Vivado 12-24828] Executing command : report_bus_skew -warn_on_violation -file slave_wrapper_bus_skew_routed.rpt -pb slave_wrapper_bus_skew_routed.pb -rpx slave_wrapper_bus_skew_routed.rpx
INFO: [Timing 38-91] UpdateTimingParams: Speed grade: -1, Delay Type: min_max.
INFO: [Timing 38-191] Multithreading enabled for timing update using a maximum of 2 CPUs
generate_parallel_reports: Time (s): cpu = 00:00:35 ; elapsed = 00:00:20 . Memory (MB): peak = 2345.246 ; gain = 53.793
INFO: [Timing 38-480] Writing timing data to binary archive.
Write ShapeDB Complete: Time (s): cpu = 00:00:00 ; elapsed = 00:00:00.057 . Memory (MB): peak = 2372.188 ; gain = 9.777
Wrote PlaceDB: Time (s): cpu = 00:00:04 ; elapsed = 00:00:01 . Memory (MB): peak = 2380.727 ; gain = 18.285
Wrote PulsedLatchDB: Time (s): cpu = 00:00:00 ; elapsed = 00:00:00 . Memory (MB): peak = 2380.727 ; gain = 0.000
Writing XDEF routing.
Writing XDEF routing logical nets.
Writing XDEF routing special nets.
Wrote RouteStorage: Time (s): cpu = 00:00:00 ; elapsed = 00:00:00.230 . Memory (MB): peak = 2380.727 ; gain = 0.000
Wrote Netlist Cache: Time (s): cpu = 00:00:00 ; elapsed = 00:00:00.022 . Memory (MB): peak = 2380.727 ; gain = 0.000
Wrote Device Cache: Time (s): cpu = 00:00:00 ; elapsed = 00:00:00.010 . Memory (MB): peak = 2380.727 ; gain = 0.000
Write Physdb Complete: Time (s): cpu = 00:00:04 ; elapsed = 00:00:02 . Memory (MB): peak = 2380.727 ; gain = 18.285
INFO: [Common 17-1381] The checkpoint 'C:/Users/dell 4/Downloads/project_1-20260907T101315Z-1-001/project_1.runs/impl_1/slave_wrapper_routed.dcp' has been generated.
INFO: [Common 17-206] Exiting Vivado at Thu Oct  8 08:46:07 2026...
