Copyright 1986-2022 Xilinx, Inc. All Rights Reserved. Copyright 2022-2025 Advanced Micro Devices, Inc. All Rights Reserved.
-----------------------------------------------------------------------------------------------------------------------------------------------------------------------------
| Tool Version : Vivado v.2025.1 (win64) Build 6140274 Thu May 22 00:12:29 MDT 2025
| Date         : Thu Oct  8 08:45:58 2026
| Host         : DESKTOP-936TA3L running 64-bit major release  (build 9200)
| Command      : report_methodology -file slave_wrapper_methodology_drc_routed.rpt -pb slave_wrapper_methodology_drc_routed.pb -rpx slave_wrapper_methodology_drc_routed.rpx
| Design       : slave_wrapper
| Device       : xc7a100tcsg324-1
| Speed File   : -1
| Design State : Fully Routed
-----------------------------------------------------------------------------------------------------------------------------------------------------------------------------

Report Methodology

Table of Contents
-----------------
1. REPORT SUMMARY
2. REPORT DETAILS

1. REPORT SUMMARY
-----------------
            Netlist: netlist
          Floorplan: design_1
      Design limits: <entire design considered>
             Max checks: <unlimited>
             Checks found: 39
+-----------+----------+-------------------------------+--------+
| Rule      | Severity | Description                   | Checks |
+-----------+----------+-------------------------------+--------+
| LUTAR-1   | Warning  | LUT drives async reset alert  | 1      |
| TIMING-9  | Warning  | Unknown CDC Logic             | 1      |
| TIMING-18 | Warning  | Missing input or output delay | 37     |
+-----------+----------+-------------------------------+--------+

2. REPORT DETAILS
-----------------
LUTAR-1#1 Warning
LUT drives async reset alert  
LUT cell slave_i/mdm_1/U0/MDM_Core_I1/JTAG_CONTROL_I/sel_n_i_2, with 2 or more inputs, drives asynchronous preset/clear pin(s) slave_i/mdm_1/U0/MDM_Core_I1/JTAG_CONTROL_I/sel_n_reg/PRE. The LUT may glitch and trigger an unexpected reset, even if it is a properly timed path.
Related violations: <none>

TIMING-9#1 Warning
Unknown CDC Logic  
One or more asynchronous Clock Domain Crossing has been detected between 2 clock domains through a set_false_path or a set_clock_groups or set_max_delay -datapath_only constraint but no double-registers logic synchronizer has been found on the side of the capture clock. It is recommended to run report_cdc for a complete and detailed CDC coverage. Please consider using XPM_CDC to avoid Critical severities
Related violations: <none>

TIMING-18#1 Warning
Missing input or output delay  
An input delay is missing on GPIO2_0_tri_i[0] relative to the rising and/or falling clock edge(s) of clk_in1_0.
Related violations: <none>

TIMING-18#2 Warning
Missing input or output delay  
An input delay is missing on GPIO2_0_tri_i[1] relative to the rising and/or falling clock edge(s) of clk_in1_0.
Related violations: <none>

TIMING-18#3 Warning
Missing input or output delay  
An input delay is missing on GPIO2_0_tri_i[2] relative to the rising and/or falling clock edge(s) of clk_in1_0.
Related violations: <none>

TIMING-18#4 Warning
Missing input or output delay  
An input delay is missing on GPIO2_0_tri_i[3] relative to the rising and/or falling clock edge(s) of clk_in1_0.
Related violations: <none>

TIMING-18#5 Warning
Missing input or output delay  
An input delay is missing on MOSI_0 relative to the rising and/or falling clock edge(s) of clk_in1_0.
Related violations: <none>

TIMING-18#6 Warning
Missing input or output delay  
An input delay is missing on MOSI_1 relative to the rising and/or falling clock edge(s) of clk_in1_0.
Related violations: <none>

TIMING-18#7 Warning
Missing input or output delay  
An input delay is missing on MOSI_2 relative to the rising and/or falling clock edge(s) of clk_in1_0.
Related violations: <none>

TIMING-18#8 Warning
Missing input or output delay  
An input delay is missing on MOSI_3 relative to the rising and/or falling clock edge(s) of clk_in1_0.
Related violations: <none>

TIMING-18#9 Warning
Missing input or output delay  
An input delay is missing on MOSI_4 relative to the rising and/or falling clock edge(s) of clk_in1_0.
Related violations: <none>

TIMING-18#10 Warning
Missing input or output delay  
An input delay is missing on SCK_0 relative to the rising and/or falling clock edge(s) of clk_in1_0.
Related violations: <none>

TIMING-18#11 Warning
Missing input or output delay  
An input delay is missing on SCK_1 relative to the rising and/or falling clock edge(s) of clk_in1_0.
Related violations: <none>

TIMING-18#12 Warning
Missing input or output delay  
An input delay is missing on SCK_2 relative to the rising and/or falling clock edge(s) of clk_in1_0.
Related violations: <none>

TIMING-18#13 Warning
Missing input or output delay  
An input delay is missing on SCK_3 relative to the rising and/or falling clock edge(s) of clk_in1_0.
Related violations: <none>

TIMING-18#14 Warning
Missing input or output delay  
An input delay is missing on SCK_4 relative to the rising and/or falling clock edge(s) of clk_in1_0.
Related violations: <none>

TIMING-18#15 Warning
Missing input or output delay  
An input delay is missing on UART_0_rxd relative to the rising and/or falling clock edge(s) of clk_in1_0.
Related violations: <none>

TIMING-18#16 Warning
Missing input or output delay  
An input delay is missing on UART_1_rxd relative to the rising and/or falling clock edge(s) of clk_in1_0.
Related violations: <none>

TIMING-18#17 Warning
Missing input or output delay  
An input delay is missing on UART_2_rxd relative to the rising and/or falling clock edge(s) of clk_in1_0.
Related violations: <none>

TIMING-18#18 Warning
Missing input or output delay  
An input delay is missing on UART_3_rxd relative to the rising and/or falling clock edge(s) of clk_in1_0.
Related violations: <none>

TIMING-18#19 Warning
Missing input or output delay  
An input delay is missing on dip_switches_4bits_tri_i[0] relative to the rising and/or falling clock edge(s) of clk_in1_0.
Related violations: <none>

TIMING-18#20 Warning
Missing input or output delay  
An input delay is missing on dip_switches_4bits_tri_i[1] relative to the rising and/or falling clock edge(s) of clk_in1_0.
Related violations: <none>

TIMING-18#21 Warning
Missing input or output delay  
An input delay is missing on dip_switches_4bits_tri_i[2] relative to the rising and/or falling clock edge(s) of clk_in1_0.
Related violations: <none>

TIMING-18#22 Warning
Missing input or output delay  
An input delay is missing on dip_switches_4bits_tri_i[3] relative to the rising and/or falling clock edge(s) of clk_in1_0.
Related violations: <none>

TIMING-18#23 Warning
Missing input or output delay  
An input delay is missing on reset relative to the rising and/or falling clock edge(s) of clk_in1_0.
Related violations: <none>

TIMING-18#24 Warning
Missing input or output delay  
An input delay is missing on spisel_0 relative to the rising and/or falling clock edge(s) of clk_in1_0.
Related violations: <none>

TIMING-18#25 Warning
Missing input or output delay  
An input delay is missing on spisel_1 relative to the rising and/or falling clock edge(s) of clk_in1_0.
Related violations: <none>

TIMING-18#26 Warning
Missing input or output delay  
An input delay is missing on spisel_2 relative to the rising and/or falling clock edge(s) of clk_in1_0.
Related violations: <none>

TIMING-18#27 Warning
Missing input or output delay  
An input delay is missing on spisel_3 relative to the rising and/or falling clock edge(s) of clk_in1_0.
Related violations: <none>

TIMING-18#28 Warning
Missing input or output delay  
An input delay is missing on spisel_4 relative to the rising and/or falling clock edge(s) of clk_in1_0.
Related violations: <none>

TIMING-18#29 Warning
Missing input or output delay  
An output delay is missing on MISO_0 relative to the rising and/or falling clock edge(s) of clk_in1_0.
Related violations: <none>

TIMING-18#30 Warning
Missing input or output delay  
An output delay is missing on MISO_1 relative to the rising and/or falling clock edge(s) of clk_in1_0.
Related violations: <none>

TIMING-18#31 Warning
Missing input or output delay  
An output delay is missing on MISO_2 relative to the rising and/or falling clock edge(s) of clk_in1_0.
Related violations: <none>

TIMING-18#32 Warning
Missing input or output delay  
An output delay is missing on MISO_3 relative to the rising and/or falling clock edge(s) of clk_in1_0.
Related violations: <none>

TIMING-18#33 Warning
Missing input or output delay  
An output delay is missing on MISO_4 relative to the rising and/or falling clock edge(s) of clk_in1_0.
Related violations: <none>

TIMING-18#34 Warning
Missing input or output delay  
An output delay is missing on UART_0_txd relative to the rising and/or falling clock edge(s) of clk_in1_0.
Related violations: <none>

TIMING-18#35 Warning
Missing input or output delay  
An output delay is missing on UART_1_txd relative to the rising and/or falling clock edge(s) of clk_in1_0.
Related violations: <none>

TIMING-18#36 Warning
Missing input or output delay  
An output delay is missing on UART_2_txd relative to the rising and/or falling clock edge(s) of clk_in1_0.
Related violations: <none>

TIMING-18#37 Warning
Missing input or output delay  
An output delay is missing on UART_3_txd relative to the rising and/or falling clock edge(s) of clk_in1_0.
Related violations: <none>


